MPLINK 4.48, Linker
Linker Map File - Created Mon May 16 10:56:51 2016

                                 Section Info
                  Section       Type    Address   Location Size(Bytes)
                ---------  ---------  ---------  ---------  ---------
               _entry_scn       code   0x000000    program   0x000006
              .code_mfc.o       code   0x000006    program   0x000002
           tick_interrupt       code   0x000008    program   0x000006
         .code_busy_eep.o       code   0x00000e    program   0x000006
       .code__user_putc.o       code   0x000014    program   0x000002
           .code___init.o       code   0x000016    program   0x000002
           work_interrupt       code   0x000018    program   0x000006
                   .cinit    romdata   0x00001e    program   0x00004a
         .code_pyro8722.o       code   0x000068    program   0x00102e
         .code_vfprintf.o       code   0x001096    program   0x000816
                     PROG       code   0x0018ac    program   0x000762
      .code_pyro_vector.o       code   0x00200e    program   0x0006f8
         .code_ringbufs.o       code   0x002706    program   0x0001ee
             .code_crit.o       code   0x0028f4    program   0x0001c0
              .code_daq.o       code   0x002ab4    program   0x0001ac
           .code_hwconf.o       code   0x002c60    program   0x000180
             .stringtable    romdata   0x002de0    program   0x00015f
        .idata_t3open.o_i    romdata   0x002f3f    program   0x000000
        .romdata_t3open.o    romdata   0x002f3f    program   0x000000
        .romdata_t0open.o    romdata   0x002f3f    program   0x000000
        .idata_t4open.o_i    romdata   0x002f3f    program   0x000000
        .idata_t0open.o_i    romdata   0x002f3f    program   0x000000
      .romdata_spi1open.o    romdata   0x002f3f    program   0x000000
        .romdata_t4open.o    romdata   0x002f3f    program   0x000000
      .idata_spi1open.o_i    romdata   0x002f3f    program   0x000000
       .romdata_adcopen.o    romdata   0x002f3f    program   0x000000
       .idata_adcopen.o_i    romdata   0x002f3f    program   0x000000
        .romdata_u2open.o    romdata   0x002f3f    program   0x000000
          .romdata_crit.o    romdata   0x002f3f    program   0x000000
        .idata_u2open.o_i    romdata   0x002f3f    program   0x000000
      .romdata_busy_eep.o    romdata   0x002f3f    program   0x000000
      .idata_busy_eep.o_i    romdata   0x002f3f    program   0x000000
    .romdata__user_putc.o    romdata   0x002f3f    program   0x000000
    .idata__user_putc.o_i    romdata   0x002f3f    program   0x000000
          .romdata_putc.o    romdata   0x002f3f    program   0x000000
          .idata_putc.o_i    romdata   0x002f3f    program   0x000000
      .idata_vfprintf.o_i    romdata   0x002f3f    program   0x000000
       .romdata_sprintf.o    romdata   0x002f3f    program   0x000000
       .idata_sprintf.o_i    romdata   0x002f3f    program   0x000000
       .romdata_u2write.o    romdata   0x002f3f    program   0x000000
       .idata_u2write.o_i    romdata   0x002f3f    program   0x000000
       .romdata_u2putrs.o    romdata   0x002f3f    program   0x000000
       .idata_u2putrs.o_i    romdata   0x002f3f    program   0x000000
        .romdata___init.o    romdata   0x002f3f    program   0x000000
        .idata___init.o_i    romdata   0x002f3f    program   0x000000
       .romdata_write_B.o    romdata   0x002f3f    program   0x000000
       .idata_write_B.o_i    romdata   0x002f3f    program   0x000000
       .romdata_t3write.o    romdata   0x002f3f    program   0x000000
       .idata_t3write.o_i    romdata   0x002f3f    program   0x000000
       .romdata_t0write.o    romdata   0x002f3f    program   0x000000
       .idata_t0write.o_i    romdata   0x002f3f    program   0x000000
        .romdata_u2defs.o    romdata   0x002f3f    program   0x000000
        .idata_u2defs.o_i    romdata   0x002f3f    program   0x000000
      .romdata_adcsetch.o    romdata   0x002f3f    program   0x000000
      .idata_adcsetch.o_i    romdata   0x002f3f    program   0x000000
        .romdata_read_B.o    romdata   0x002f3f    program   0x000000
        .idata_read_B.o_i    romdata   0x002f3f    program   0x000000
        .romdata_u2read.o    romdata   0x002f3f    program   0x000000
        .idata_u2read.o_i    romdata   0x002f3f    program   0x000000
      .romdata_ringbufs.o    romdata   0x002f3f    program   0x000000
      .idata_readaddr.o_i    romdata   0x002f3f    program   0x000000
      .idata_ringbufs.o_i    romdata   0x002f3f    program   0x000000
           .romdata_daq.o    romdata   0x002f3f    program   0x000000
        .idata_hwconf.o_i    romdata   0x002f3f    program   0x000000
      .romdata_readaddr.o    romdata   0x002f3f    program   0x000000
        .romdata_hwconf.o    romdata   0x002f3f    program   0x000000
           .idata_mfc.o_i    romdata   0x002f3f    program   0x000000
      .romdata_writdata.o    romdata   0x002f3f    program   0x000000
           .romdata_mfc.o    romdata   0x002f3f    program   0x000000
      .romdata_putsxlcd.o    romdata   0x002f3f    program   0x000000
      .idata_putsxlcd.o_i    romdata   0x002f3f    program   0x000000
      .idata_writdata.o_i    romdata   0x002f3f    program   0x000000
   .romdata_pyro_vector.o    romdata   0x002f3f    program   0x000000
      .romdata_wcmdxlcd.o    romdata   0x002f3f    program   0x000000
      .idata_readdata.o_i    romdata   0x002f3f    program   0x000000
      .romdata_putrxlcd.o    romdata   0x002f3f    program   0x000000
      .idata_wcmdxlcd.o_i    romdata   0x002f3f    program   0x000000
      .idata_putrxlcd.o_i    romdata   0x002f3f    program   0x000000
      .romdata_readdata.o    romdata   0x002f3f    program   0x000000
      .romdata_openxlcd.o    romdata   0x002f3f    program   0x000000
      .idata_openxlcd.o_i    romdata   0x002f3f    program   0x000000
      .romdata_setddram.o    romdata   0x002f3f    program   0x000000
      .idata_setddram.o_i    romdata   0x002f3f    program   0x000000
      .romdata_setcgram.o    romdata   0x002f3f    program   0x000000
      .idata_setcgram.o_i    romdata   0x002f3f    program   0x000000
      .idata_busyxlcd.o_i    romdata   0x002f3f    program   0x000000
      .romdata_busyxlcd.o    romdata   0x002f3f    program   0x000000
       .romdata_c018i_e.o    romdata   0x002f3f    program   0x000000
       .idata_c018i_e.o_i    romdata   0x002f3f    program   0x000000
           .code_u2defs.o       code   0x002f40    program   0x000000
          .code_c018i_e.o       code   0x002f40    program   0x000000
               _cinit_scn       code   0x002f40    program   0x00009e
                   STRING       code   0x002fde    program   0x00009a
         .code_openxlcd.o       code   0x003078    program   0x00009a
         .code_writdata.o       code   0x003112    program   0x00008e
         .code_wcmdxlcd.o       code   0x0031a0    program   0x00008e
           .code_u2open.o       code   0x00322e    program   0x000084
      .romdata_pyro8722.o    romdata   0x0032b2    program   0x000078
          .code_sprintf.o       code   0x00332a    program   0x000072
             .code_putc.o       code   0x00339c    program   0x000066
          .code_write_B.o       code   0x003402    program   0x000064
          .code_adcopen.o       code   0x003466    program   0x000064
         .code_spi1open.o       code   0x0034ca    program   0x00005e
          .code_u2putrs.o       code   0x003528    program   0x00005c
         .code_setddram.o       code   0x003584    program   0x000046
         .code_setcgram.o       code   0x0035ca    program   0x000046
         .code_putrxlcd.o       code   0x003610    program   0x000046
         .code_readdata.o       code   0x003656    program   0x000044
         .code_readaddr.o       code   0x00369a    program   0x000044
           .code_read_B.o       code   0x0036de    program   0x000042
                   STDLIB       code   0x003720    program   0x000040
           .code_t3open.o       code   0x003760    program   0x000040
           .code_u2read.o       code   0x0037a0    program   0x00003e
         .code_putsxlcd.o       code   0x0037de    program   0x000038
             D10KTCYXCODE       code   0x003816    program   0x000036
           .code_t0open.o       code   0x00384c    program   0x000036
           .code_t4open.o       code   0x003882    program   0x000034
          .code_t3write.o       code   0x0038b6    program   0x000030
          .code_t0write.o       code   0x0038e6    program   0x000030
         .code_adcsetch.o       code   0x003916    program   0x000030
          .code_u2write.o       code   0x003946    program   0x00002e
         .code_busyxlcd.o       code   0x003974    program   0x00002c
                    CTYPE       code   0x0039a0    program   0x000024
                    .code       code   0x0039c4    program   0x000020
                    STDIO       code   0x0039e4    program   0x00001c
             _startup_scn       code   0x003a00    program   0x00001a
              D10TCYXCODE       code   0x003a1a    program   0x000016
      .romdata_vfprintf.o    romdata   0x003a30    program   0x000011
                  gpr10_i    romdata   0x003a41    program   0x00001e
              SEED_DATA_i    romdata   0x003a5f    program   0x000002
   .idata_pyro_vector.o_i    romdata   0x003a61    program   0x000004
      .idata_pyro8722.o_i    romdata   0x003a65    program   0x0000c0
           .idata_daq.o_i    romdata   0x003b25    program   0x000006
          .idata_crit.o_i    romdata   0x003b2b    program   0x000002
.config_300001_pyro8722.o    romdata   0x300001    program   0x000001
.config_300002_pyro8722.o    romdata   0x300002    program   0x000001
.config_300003_pyro8722.o    romdata   0x300003    program   0x000001
.config_300004_pyro8722.o    romdata   0x300004    program   0x000001
.config_300005_pyro8722.o    romdata   0x300005    program   0x000001
.config_300006_pyro8722.o    romdata   0x300006    program   0x000001
.config_300008_pyro8722.o    romdata   0x300008    program   0x000001
.config_300009_pyro8722.o    romdata   0x300009    program   0x000001
.config_30000a_pyro8722.o    romdata   0x30000a    program   0x000001
.config_30000b_pyro8722.o    romdata   0x30000b    program   0x000001
.config_30000c_pyro8722.o    romdata   0x30000c    program   0x000001
.config_30000d_pyro8722.o    romdata   0x30000d    program   0x000001
                     gpr8      udata   0x000060       data   0x000083
         .udata_c018i_e.o      udata   0x0000e3       data   0x00000a
     .udata_pyro_vector.o      udata   0x0000ed       data   0x000007
             .idata_daq.o      idata   0x0000f4       data   0x000006
     .idata_pyro_vector.o      idata   0x0000fa       data   0x000004
                SEED_DATA      idata   0x0000fe       data   0x000002
                    gpr13      udata   0x000100       data   0x0000f1
                 .tmpdata      udata   0x0001f1       data   0x00000f
                     gpr3      udata   0x000200       data   0x0000e3
            .idata_crit.o      idata   0x0002e3       data   0x000002
         tick_handler_tmp      udata   0x0002e5       data   0x000001
                DELAYDAT2      udata   0x0002e6       data   0x000001
                DELAYDAT1      udata   0x0002e7       data   0x000001
          .udata_u2defs.o      udata   0x0002e8       data   0x000001
          .udata_hwconf.o      udata   0x0002e9       data   0x000001
        .idata_adcsetch.o      idata   0x0002ea       data   0x000000
        .udata_adcsetch.o      udata   0x0002ea       data   0x000000
          .idata_read_B.o      idata   0x0002ea       data   0x000000
          .udata_read_B.o      udata   0x0002ea       data   0x000000
          .idata_u2read.o      idata   0x0002ea       data   0x000000
          .udata_u2read.o      udata   0x0002ea       data   0x000000
          .idata_t4open.o      idata   0x0002ea       data   0x000000
          .udata_t4open.o      udata   0x0002ea       data   0x000000
          .idata_t3open.o      idata   0x0002ea       data   0x000000
          .udata_t3open.o      udata   0x0002ea       data   0x000000
          .idata_t0open.o      idata   0x0002ea       data   0x000000
          .udata_t0open.o      udata   0x0002ea       data   0x000000
        .idata_spi1open.o      idata   0x0002ea       data   0x000000
        .udata_spi1open.o      udata   0x0002ea       data   0x000000
         .idata_adcopen.o      idata   0x0002ea       data   0x000000
         .udata_adcopen.o      udata   0x0002ea       data   0x000000
          .idata_u2open.o      idata   0x0002ea       data   0x000000
      .idata__user_putc.o      idata   0x0002ea       data   0x000000
      .udata__user_putc.o      udata   0x0002ea       data   0x000000
            .idata_putc.o      idata   0x0002ea       data   0x000000
            .udata_putc.o      udata   0x0002ea       data   0x000000
        .idata_vfprintf.o      idata   0x0002ea       data   0x000000
        .udata_vfprintf.o      udata   0x0002ea       data   0x000000
         .idata_sprintf.o      idata   0x0002ea       data   0x000000
         .udata_sprintf.o      udata   0x0002ea       data   0x000000
         .idata_c018i_e.o      idata   0x0002ea       data   0x000000
         .idata_u2write.o      idata   0x0002ea       data   0x000000
         .udata_u2write.o      udata   0x0002ea       data   0x000000
         .idata_u2putrs.o      idata   0x0002ea       data   0x000000
         .udata_u2putrs.o      udata   0x0002ea       data   0x000000
          .idata___init.o      idata   0x0002ea       data   0x000000
          .udata___init.o      udata   0x0002ea       data   0x000000
         .idata_write_B.o      idata   0x0002ea       data   0x000000
         .udata_write_B.o      udata   0x0002ea       data   0x000000
         .idata_t3write.o      idata   0x0002ea       data   0x000000
         .udata_t3write.o      udata   0x0002ea       data   0x000000
         .idata_t0write.o      idata   0x0002ea       data   0x000000
         .udata_t0write.o      udata   0x0002ea       data   0x000000
          .idata_u2defs.o      idata   0x0002ea       data   0x000000
             .idata_mfc.o      idata   0x0002ea       data   0x000000
             .udata_mfc.o      udata   0x0002ea       data   0x000000
          .idata_hwconf.o      idata   0x0002ea       data   0x000000
        .udata_putsxlcd.o      udata   0x0002ea       data   0x000000
             .udata_daq.o      udata   0x0002ea       data   0x000000
        .idata_ringbufs.o      idata   0x0002ea       data   0x000000
        .udata_ringbufs.o      udata   0x0002ea       data   0x000000
        .idata_writdata.o      idata   0x0002ea       data   0x000000
        .udata_writdata.o      udata   0x0002ea       data   0x000000
        .idata_wcmdxlcd.o      idata   0x0002ea       data   0x000000
        .udata_wcmdxlcd.o      udata   0x0002ea       data   0x000000
        .idata_setddram.o      idata   0x0002ea       data   0x000000
        .udata_setddram.o      udata   0x0002ea       data   0x000000
        .idata_busyxlcd.o      idata   0x0002ea       data   0x000000
        .udata_busyxlcd.o      udata   0x0002ea       data   0x000000
        .idata_readdata.o      idata   0x0002ea       data   0x000000
        .udata_readdata.o      udata   0x0002ea       data   0x000000
        .idata_readaddr.o      idata   0x0002ea       data   0x000000
        .udata_readaddr.o      udata   0x0002ea       data   0x000000
        .idata_putsxlcd.o      idata   0x0002ea       data   0x000000
          .udata_u2open.o      udata   0x0002ea       data   0x000000
        .idata_busy_eep.o      idata   0x0002ea       data   0x000000
        .udata_busy_eep.o      udata   0x0002ea       data   0x000000
        .udata_setcgram.o      udata   0x0002ea       data   0x000000
            .udata_crit.o      udata   0x0002ea       data   0x000000
        .idata_setcgram.o      idata   0x0002ea       data   0x000000
                     gpr7      udata   0x0002ea       data   0x000000
                     gpr6      udata   0x0002ea       data   0x000000
                     gpr5      udata   0x0002ea       data   0x000000
        .udata_openxlcd.o      udata   0x0002ea       data   0x000000
        .idata_openxlcd.o      idata   0x0002ea       data   0x000000
        .udata_pyro8722.o      udata   0x0002ea       data   0x000000
        .udata_putrxlcd.o      udata   0x0002ea       data   0x000000
        .idata_putrxlcd.o      idata   0x0002ea       data   0x000000
                     gpr9      udata   0x000300       data   0x0000de
                    gpr10      idata   0x0003de       data   0x00001e
                MATH_DATA      udata   0x0003fc       data   0x000004
                     gpr2      udata   0x000400       data   0x0000c0
        .idata_pyro8722.o      idata   0x000500       data   0x0000c0
                     gpr1      udata   0x000600       data   0x0000b3
                     gpr4      udata   0x000700       data   0x000083
                   .stack      udata   0x000e00       data   0x000100
            SFR_UNBANKED0      udata   0x000f62       data   0x00009e



                              Program Memory Usage 
                               Start         End      
                           ---------   ---------      
                            0x000000    0x002f3e      
                            0x002f40    0x003b2c      
                            0x300001    0x300006      
                            0x300008    0x30000d      
            15160 out of 132120 program addresses used, program memory utilization is 11%



                              Symbols - Sorted by Name
                     Name    Address   Location    Storage File                     
                ---------  ---------  ---------  --------- ---------                
                     ABSI   0x0003a6    program     extern X:\mx320\p18pyro.X\pyro8722.c
                     ABSL   0x0003d8    program     extern X:\mx320\p18pyro.X\pyro8722.c
               ADC_Update   0x002acc    program     extern X:\mx320\p18pyro.X\daq.c 
                 ADC_zero   0x002ab4    program     extern X:\mx320\p18pyro.X\daq.c 
                 BusyXLCD   0x003974    program     extern X:\mx320\p18pyro.X\xlcd\busyxlcd.c
                 Busy_eep   0x00000e    program     extern E:\c18v3.46\pic18-lt\cxx-framework\src\pmc_common\EEP\busy_eep.c
        Clear_All_Buttons   0x0026fc    program     extern X:\mx320\p18pyro.X\pyro_vector.c
                   D10K_1   0x003826    program     static E:\c18v3.46\pic18-lt\cxx-framework\src\extended\delays\d10ktcyx.asm
                    D10Kl   0x003834    program     static E:\c18v3.46\pic18-lt\cxx-framework\src\extended\delays\d10ktcyx.asm
                    D10Kx   0x003822    program     static E:\c18v3.46\pic18-lt\cxx-framework\src\extended\delays\d10ktcyx.asm
                    D10_1   0x003a2a    program     static E:\c18v3.46\pic18-lt\cxx-framework\src\extended\delays\d10tcyx.asm
                     D10x   0x003a22    program     static E:\c18v3.46\pic18-lt\cxx-framework\src\extended\delays\d10tcyx.asm
             Delay10KTCYx   0x003816    program     extern E:\c18v3.46\pic18-lt\cxx-framework\src\extended\delays\d10ktcyx.asm
              Delay10TCYx   0x003a1a    program     extern E:\c18v3.46\pic18-lt\cxx-framework\src\extended\delays\d10tcyx.asm
            DelayFor18TCY   0x000068    program     extern X:\mx320\p18pyro.X\pyro8722.c
             DelayPORXLCD   0x000082    program     extern X:\mx320\p18pyro.X\pyro8722.c
                DelayXLCD   0x00008e    program     extern X:\mx320\p18pyro.X\pyro8722.c
               Open2USART   0x00322e    program     extern E:\c18v3.46\pic18-lt\cxx-framework\src\pmc_common\USART\u2open.c
                  OpenADC   0x003466    program     extern E:\c18v3.46\pic18-lt\cxx-framework\src\pmc_common\ADC\adcopen.c
                 OpenSPI1   0x0034ca    program     extern E:\c18v3.46\pic18-lt\cxx-framework\src\pmc_common\SPI\spi1open.c
               OpenTimer0   0x00384c    program     extern E:\c18v3.46\pic18-lt\cxx-framework\src\pmc_common\Timers\t0open.c
               OpenTimer3   0x003760    program     extern E:\c18v3.46\pic18-lt\cxx-framework\src\pmc_common\Timers\t3open.c
               OpenTimer4   0x003882    program     extern E:\c18v3.46\pic18-lt\cxx-framework\src\pmc_common\Timers\t4open.c
                 OpenXLCD   0x003078    program     extern X:\mx320\p18pyro.X\xlcd\openxlcd.c
                   P2wait   0x0026f6    program     extern X:\mx320\p18pyro.X\pyro_vector.c
                  RESTORE   0x001c8e    program     static E:\c18v3.46\pic18-lt\cxx-framework\src\extended\math\div32u.asm
              RETQUOTIENT   0x001c7e    program     static E:\c18v3.46\pic18-lt\cxx-framework\src\extended\math\div32u.asm
               Read2USART   0x0037a0    program     extern E:\c18v3.46\pic18-lt\cxx-framework\src\pmc_common\USART\u2read.c
             ReadAddrXLCD   0x00369a    program     extern X:\mx320\p18pyro.X\xlcd\readaddr.c
             ReadDataXLCD   0x003656    program     extern X:\mx320\p18pyro.X\xlcd\readdata.c
               Read_b_eep   0x0036de    program     extern E:\c18v3.46\pic18-lt\cxx-framework\src\pmc_common\EEP\read_B.c
                 SETUPSTK   0x001bf8    program     static E:\c18v3.46\pic18-lt\cxx-framework\src\extended\math\div32u.asm
           SPI_Out_Update   0x002b88    program     extern X:\mx320\p18pyro.X\daq.c 
           S_WriteCmdXLCD   0x0031a0    program     extern X:\mx320\p18pyro.X\xlcd\wcmdxlcd.c
          S_WriteDataXLCD   0x003112    program     extern X:\mx320\p18pyro.X\xlcd\writdata.c
             SetCGRamAddr   0x0035ca    program     extern X:\mx320\p18pyro.X\xlcd\setcgram.c
               SetChanADC   0x003916    program     extern E:\c18v3.46\pic18-lt\cxx-framework\src\pmc_common\ADC\adcsetch.c
             SetDDRamAddr   0x003584    program     extern X:\mx320\p18pyro.X\xlcd\setddram.c
              Write2USART   0x003946    program     extern E:\c18v3.46\pic18-lt\cxx-framework\src\pmc_common\USART\u2write.c
             WriteCmdXLCD   0x0031ea    program     extern X:\mx320\p18pyro.X\xlcd\wcmdxlcd.c
            WriteDataXLCD   0x00315c    program     extern X:\mx320\p18pyro.X\xlcd\writdata.c
              WriteTimer0   0x0038e6    program     extern E:\c18v3.46\pic18-lt\cxx-framework\src\pmc_common\Timers\t0write.c
              WriteTimer3   0x0038b6    program     extern E:\c18v3.46\pic18-lt\cxx-framework\src\pmc_common\Timers\t3write.c
              Write_b_eep   0x003402    program     extern E:\c18v3.46\pic18-lt\cxx-framework\src\pmc_common\EEP\write_B.c
              _2jContinue   0x002ffe    program     static E:\c18v3.46\pic18-lt\cxx-framework\src\extended\stdclib\memset.asm
                   _2jEnd   0x003046    program     static E:\c18v3.46\pic18-lt\cxx-framework\src\extended\stdclib\slenpgm.asm
                   _3jEnd   0x003008    program     static E:\c18v3.46\pic18-lt\cxx-framework\src\extended\stdclib\memset.asm
       _D10KTCYXCODE_0014   0x00382a    program     static E:\c18v3.46\pic18-lt\cxx-framework\src\extended\delays\d10ktcyx.asm
       _D10KTCYXCODE_0022   0x003838    program     static E:\c18v3.46\pic18-lt\cxx-framework\src\extended\delays\d10ktcyx.asm
        _D10TCYXCODE_000A   0x003a24    program     static E:\c18v3.46\pic18-lt\cxx-framework\src\extended\delays\d10tcyx.asm
        _D10TCYXCODE_000C   0x003a26    program     static E:\c18v3.46\pic18-lt\cxx-framework\src\extended\delays\d10tcyx.asm
        _D10TCYXCODE_000E   0x003a28    program     static E:\c18v3.46\pic18-lt\cxx-framework\src\extended\delays\d10tcyx.asm
                 __FpPack   0x0019f6    program     extern E:\c18v3.46\pic18-lt\cxx-framework\src\extended\math\packFP.asm
            __FpReturnNaN   0x001a78    program     extern E:\c18v3.46\pic18-lt\cxx-framework\src\extended\math\packFP.asm
         __FpReturnNegInf   0x001a8a    program     extern E:\c18v3.46\pic18-lt\cxx-framework\src\extended\math\packFP.asm
        __FpReturnNegZero   0x001aa2    program     extern E:\c18v3.46\pic18-lt\cxx-framework\src\extended\math\packFP.asm
         __FpReturnPosInf   0x001a90    program     extern E:\c18v3.46\pic18-lt\cxx-framework\src\extended\math\packFP.asm
        __FpReturnPosZero   0x001aaa    program     extern E:\c18v3.46\pic18-lt\cxx-framework\src\extended\math\packFP.asm
        __FpReturnSignInf   0x001a86    program     extern E:\c18v3.46\pic18-lt\cxx-framework\src\extended\math\packFP.asm
       __FpReturnSignZero   0x001a9e    program     extern E:\c18v3.46\pic18-lt\cxx-framework\src\extended\math\packFP.asm
              __FpReturnW   0x001a4e    program     extern E:\c18v3.46\pic18-lt\cxx-framework\src\extended\math\packFP.asm
              __FpUnPackA   0x001ab0    program     extern E:\c18v3.46\pic18-lt\cxx-framework\src\extended\math\unpackFP.asm
              __FpUnPackB   0x001ae0    program     extern E:\c18v3.46\pic18-lt\cxx-framework\src\extended\math\unpackFP.asm
       ___case_0_lbl00009   0x00218c    program     static                          
       ___case_0_lbl00015   0x0021e6    program     static                          
       ___case_0_lbl00024   0x002246    program     static                          
       ___case_1_lbl00010   0x002196    program     static                          
       ___case_1_lbl00016   0x0021ea    program     static                          
       ___case_1_lbl00027   0x0022b8    program     static                          
       ___case_2_lbl00011   0x0021a0    program     static                          
       ___case_2_lbl00017   0x0021ee    program     static                          
       ___case_2_lbl00028   0x0022e8    program     static                          
       ___case_3_lbl00012   0x0021aa    program     static                          
       ___case_3_lbl00018   0x0021f2    program     static                          
       ___case_3_lbl00029   0x002326    program     static                          
       ___case_4_lbl00031   0x002356    program     static                          
      ___default_lbl00013   0x0021b4    program     static                          
      ___default_lbl00019   0x0021f6    program     static                          
      ___default_lbl00035   0x00236e    program     static                          
           ___do_lbl00013   0x000154    program     static                          
           ___do_lbl00014   0x000170    program     static                          
           ___do_lbl00015   0x000134    program     static                          
         ___else_lbl00003   0x0020da    program     static                          
         ___else_lbl00008   0x0029ea    program     static                          
         ___else_lbl00026   0x002286    program     static                          
         ___else_lbl00034   0x0023a0    program     static                          
         ___else_lbl00038   0x0023b6    program     static                          
         ___else_lbl00044   0x002484    program     static                          
         ___else_lbl00046   0x0024a2    program     static                          
         ___else_lbl00049   0x00251a    program     static                          
         ___else_lbl00051   0x002538    program     static                          
         ___else_lbl00084   0x000b50    program     static                          
          ___for_lbl00003   0x00007a    program     static                          
          ___for_lbl00004   0x000080    program     static                          
          ___for_lbl00005   0x00006e    program     static                          
          ___for_lbl00009   0x0000c6    program     static                          
          ___for_lbl00010   0x0000d4    program     static                          
          ___for_lbl00011   0x0000ae    program     static                          
           ___if_lbl00001   0x002922    program     static                          
           ___if_lbl00001   0x002c84    program     static                          
           ___if_lbl00002   0x0020dc    program     static                          
           ___if_lbl00002   0x002944    program     static                          
           ___if_lbl00003   0x002c96    program     static                          
           ___if_lbl00003   0x002964    program     static                          
           ___if_lbl00004   0x002984    program     static                          
           ___if_lbl00004   0x0020e8    program     static                          
           ___if_lbl00006   0x0029b8    program     static                          
           ___if_lbl00006   0x002db6    program     static                          
           ___if_lbl00006   0x002130    program     static                          
           ___if_lbl00007   0x0029f2    program     static                          
           ___if_lbl00007   0x002130    program     static                          
           ___if_lbl00020   0x002200    program     static                          
           ___if_lbl00021   0x002200    program     static                          
           ___if_lbl00025   0x002288    program     static                          
           ___if_lbl00030   0x00236e    program     static                          
           ___if_lbl00032   0x00239e    program     static                          
           ___if_lbl00033   0x0023a8    program     static                          
           ___if_lbl00036   0x0023b4    program     static                          
           ___if_lbl00037   0x0023be    program     static                          
           ___if_lbl00039   0x0023be    program     static                          
           ___if_lbl00041   0x0023ec    program     static                          
           ___if_lbl00042   0x0023fe    program     static                          
           ___if_lbl00043   0x0024a0    program     static                          
           ___if_lbl00045   0x0024b0    program     static                          
           ___if_lbl00047   0x0024b0    program     static                          
           ___if_lbl00048   0x002536    program     static                          
           ___if_lbl00050   0x002546    program     static                          
           ___if_lbl00052   0x002546    program     static                          
           ___if_lbl00053   0x00254a    program     static                          
           ___if_lbl00054   0x00255e    program     static                          
           ___if_lbl00055   0x00258a    program     static                          
           ___if_lbl00056   0x0025a2    program     static                          
           ___if_lbl00057   0x0025b6    program     static                          
           ___if_lbl00059   0x0025d8    program     static                          
           ___if_lbl00060   0x0025dc    program     static                          
           ___if_lbl00062   0x0025fe    program     static                          
           ___if_lbl00063   0x002602    program     static                          
           ___if_lbl00065   0x002624    program     static                          
           ___if_lbl00066   0x002628    program     static                          
           ___if_lbl00068   0x000864    program     static                          
           ___if_lbl00069   0x000890    program     static                          
           ___if_lbl00070   0x0008bc    program     static                          
           ___if_lbl00071   0x0008e8    program     static                          
           ___if_lbl00074   0x000b4e    program     static                          
           ___if_lbl00077   0x000c30    program     static                          
           ___if_lbl00078   0x000c4a    program     static                          
           ___if_lbl00079   0x000c68    program     static                          
           ___if_lbl00080   0x000c88    program     static                          
           ___if_lbl00081   0x000ca0    program     static                          
           ___if_lbl00082   0x000cb4    program     static                          
           ___if_lbl00083   0x000cb4    program     static                          
           ___if_lbl00086   0x000ce8    program     static                          
       ___return_lbl00000   0x002984    program     static                          
       ___return_lbl00000   0x002aca    program     static                          
       ___return_lbl00000   0x00262a    program     static                          
       ___return_lbl00000   0x002db6    program     static                          
       ___return_lbl00000   0x00000c    program     static                          
       ___return_lbl00000   0x000004    program     static                          
       ___return_lbl00000   0x003714    program     static                          
       ___return_lbl00001   0x00001c    program     static                          
       ___return_lbl00001   0x003a18    program     static                          
       ___return_lbl00002   0x000080    program     static                          
       ___return_lbl00002   0x002fdc    program     static                          
       ___return_lbl00005   0x0029f2    program     static                          
       ___return_lbl00008   0x0000d4    program     static                          
       ___return_lbl00012   0x000170    program     static                          
       ___return_lbl00067   0x000cea    program     static                          
       ___return_lbl00069   0x0026f4    program     static                          
   ___switchexit_lbl00008   0x0021be    program     static                          
   ___switchexit_lbl00014   0x002200    program     static                          
   ___switchexit_lbl00023   0x0023aa    program     static                          
        ___while_lbl00004   0x002d14    program     static                          
        ___while_lbl00005   0x002d22    program     static                          
        ___while_lbl00072   0x0009cc    program     static                          
        ___while_lbl00073   0x000cea    program     static                          
        ___while_lbl00075   0x000b5a    program     static                          
        ___while_lbl00076   0x000bc4    program     static                          
                  __addFP   0x0018b0    program     extern E:\c18v3.46\pic18-lt\cxx-framework\src\extended\math\addFP.asm
              __cast32sFP   0x001b10    program     extern E:\c18v3.46\pic18-lt\cxx-framework\src\extended\math\cast32FP.asm
              __cast32uFP   0x001b0c    program     extern E:\c18v3.46\pic18-lt\cxx-framework\src\extended\math\cast32FP.asm
               __castFP32   0x001b5a    program     extern E:\c18v3.46\pic18-lt\cxx-framework\src\extended\math\castFP32.asm
               __config_0   0x300001    program     static X:\mx320\p18pyro.X\pyro8722.c
               __config_1   0x300002    program     static X:\mx320\p18pyro.X\pyro8722.c
              __config_10   0x30000c    program     static X:\mx320\p18pyro.X\pyro8722.c
              __config_11   0x30000d    program     static X:\mx320\p18pyro.X\pyro8722.c
               __config_2   0x300003    program     static X:\mx320\p18pyro.X\pyro8722.c
               __config_3   0x300004    program     static X:\mx320\p18pyro.X\pyro8722.c
               __config_4   0x300005    program     static X:\mx320\p18pyro.X\pyro8722.c
               __config_5   0x300006    program     static X:\mx320\p18pyro.X\pyro8722.c
               __config_6   0x300008    program     static X:\mx320\p18pyro.X\pyro8722.c
               __config_7   0x300009    program     static X:\mx320\p18pyro.X\pyro8722.c
               __config_8   0x30000a    program     static X:\mx320\p18pyro.X\pyro8722.c
               __config_9   0x30000b    program     static X:\mx320\p18pyro.X\pyro8722.c
                 __div32u   0x001c10    program     extern E:\c18v3.46\pic18-lt\cxx-framework\src\extended\math\div32u.asm
                  __divFP   0x001c9c    program     extern E:\c18v3.46\pic18-lt\cxx-framework\src\extended\math\divFP.asm
                   __init   0x000016    program     extern E:\c18v3.46\pic18-lt\cxx-framework\src\extended\stdclib\__init.c
                 __mod32u   0x001c16    program     extern E:\c18v3.46\pic18-lt\cxx-framework\src\extended\math\div32u.asm
                  __mul16   0x001fa6    program     extern E:\c18v3.46\pic18-lt\cxx-framework\src\extended\math\mul16.asm
                  __mul24   0x001d56    program     extern E:\c18v3.46\pic18-lt\cxx-framework\src\extended\math\mul24.asm
                  __mul32   0x001e16    program     extern E:\c18v3.46\pic18-lt\cxx-framework\src\extended\math\mul32.asm
                  __mulFP   0x001eb8    program     extern E:\c18v3.46\pic18-lt\cxx-framework\src\extended\math\mulFP.asm
                   __pa_0   0x001758    program     static E:\c18v3.46\pic18-lt\cxx-framework\src\extended\stdclib\vfprintf.c
                   __pa_0   0x002c26    program     static X:\mx320\p18pyro.X\daq.c 
                   __pa_0   0x00285a    program     static X:\mx320\p18pyro.X\ringbufs.c
                   __pa_0   0x003192    program     static X:\mx320\p18pyro.X\xlcd\writdata.c
                   __pa_0   0x003220    program     static X:\mx320\p18pyro.X\xlcd\wcmdxlcd.c
                   __pa_0   0x003100    program     static X:\mx320\p18pyro.X\xlcd\openxlcd.c
                   __pa_0   0x003602    program     static X:\mx320\p18pyro.X\xlcd\setcgram.c
                   __pa_0   0x000cf2    program     static X:\mx320\p18pyro.X\pyro8722.c
                   __pa_0   0x003646    program     static X:\mx320\p18pyro.X\xlcd\putrxlcd.c
                   __pa_0   0x002a92    program     static X:\mx320\p18pyro.X\crit.c
                   __pa_0   0x00398e    program     static X:\mx320\p18pyro.X\xlcd\busyxlcd.c
                   __pa_0   0x0035bc    program     static X:\mx320\p18pyro.X\xlcd\setddram.c
                   __pa_1   0x001766    program     static E:\c18v3.46\pic18-lt\cxx-framework\src\extended\stdclib\vfprintf.c
                   __pa_1   0x002c38    program     static X:\mx320\p18pyro.X\daq.c 
                   __pa_1   0x000d3c    program     static X:\mx320\p18pyro.X\pyro8722.c
                   __pa_1   0x00310a    program     static X:\mx320\p18pyro.X\xlcd\openxlcd.c
                   __pa_1   0x002860    program     static X:\mx320\p18pyro.X\ringbufs.c
                   __pa_1   0x002aa8    program     static X:\mx320\p18pyro.X\crit.c
                  __pa_10   0x0028ba    program     static X:\mx320\p18pyro.X\ringbufs.c
                  __pa_10   0x000e1a    program     static X:\mx320\p18pyro.X\pyro8722.c
                  __pa_10   0x0017f4    program     static E:\c18v3.46\pic18-lt\cxx-framework\src\extended\stdclib\vfprintf.c
                  __pa_11   0x0028c4    program     static X:\mx320\p18pyro.X\ringbufs.c
                  __pa_11   0x000e32    program     static X:\mx320\p18pyro.X\pyro8722.c
                  __pa_11   0x001804    program     static E:\c18v3.46\pic18-lt\cxx-framework\src\extended\stdclib\vfprintf.c
                  __pa_12   0x001814    program     static E:\c18v3.46\pic18-lt\cxx-framework\src\extended\stdclib\vfprintf.c
                  __pa_12   0x000e3c    program     static X:\mx320\p18pyro.X\pyro8722.c
                  __pa_12   0x0028cc    program     static X:\mx320\p18pyro.X\ringbufs.c
                  __pa_13   0x001822    program     static E:\c18v3.46\pic18-lt\cxx-framework\src\extended\stdclib\vfprintf.c
                  __pa_13   0x000e54    program     static X:\mx320\p18pyro.X\pyro8722.c
                  __pa_13   0x0028d6    program     static X:\mx320\p18pyro.X\ringbufs.c
                  __pa_14   0x001840    program     static E:\c18v3.46\pic18-lt\cxx-framework\src\extended\stdclib\vfprintf.c
                  __pa_14   0x000e66    program     static X:\mx320\p18pyro.X\pyro8722.c
                  __pa_14   0x0028e0    program     static X:\mx320\p18pyro.X\ringbufs.c
                  __pa_15   0x000e74    program     static X:\mx320\p18pyro.X\pyro8722.c
                  __pa_15   0x00184a    program     static E:\c18v3.46\pic18-lt\cxx-framework\src\extended\stdclib\vfprintf.c
                  __pa_15   0x0028ea    program     static X:\mx320\p18pyro.X\ringbufs.c
                  __pa_16   0x001850    program     static E:\c18v3.46\pic18-lt\cxx-framework\src\extended\stdclib\vfprintf.c
                  __pa_16   0x000e82    program     static X:\mx320\p18pyro.X\pyro8722.c
                  __pa_17   0x001860    program     static E:\c18v3.46\pic18-lt\cxx-framework\src\extended\stdclib\vfprintf.c
                  __pa_17   0x000e9a    program     static X:\mx320\p18pyro.X\pyro8722.c
                  __pa_18   0x00186c    program     static E:\c18v3.46\pic18-lt\cxx-framework\src\extended\stdclib\vfprintf.c
                  __pa_18   0x000ea8    program     static X:\mx320\p18pyro.X\pyro8722.c
                  __pa_19   0x00187a    program     static E:\c18v3.46\pic18-lt\cxx-framework\src\extended\stdclib\vfprintf.c
                  __pa_19   0x000eb8    program     static X:\mx320\p18pyro.X\pyro8722.c
                   __pa_2   0x000d58    program     static X:\mx320\p18pyro.X\pyro8722.c
                   __pa_2   0x002866    program     static X:\mx320\p18pyro.X\ringbufs.c
                   __pa_2   0x002c4c    program     static X:\mx320\p18pyro.X\daq.c 
                   __pa_2   0x001776    program     static E:\c18v3.46\pic18-lt\cxx-framework\src\extended\stdclib\vfprintf.c
                  __pa_20   0x001884    program     static E:\c18v3.46\pic18-lt\cxx-framework\src\extended\stdclib\vfprintf.c
                  __pa_20   0x000ed0    program     static X:\mx320\p18pyro.X\pyro8722.c
                  __pa_21   0x00188e    program     static E:\c18v3.46\pic18-lt\cxx-framework\src\extended\stdclib\vfprintf.c
                  __pa_21   0x000ee0    program     static X:\mx320\p18pyro.X\pyro8722.c
                  __pa_22   0x001898    program     static E:\c18v3.46\pic18-lt\cxx-framework\src\extended\stdclib\vfprintf.c
                  __pa_22   0x000eec    program     static X:\mx320\p18pyro.X\pyro8722.c
                  __pa_23   0x0018a6    program     static E:\c18v3.46\pic18-lt\cxx-framework\src\extended\stdclib\vfprintf.c
                  __pa_23   0x000f00    program     static X:\mx320\p18pyro.X\pyro8722.c
                  __pa_24   0x000f14    program     static X:\mx320\p18pyro.X\pyro8722.c
                  __pa_25   0x000f26    program     static X:\mx320\p18pyro.X\pyro8722.c
                  __pa_26   0x000f38    program     static X:\mx320\p18pyro.X\pyro8722.c
                  __pa_27   0x000f4a    program     static X:\mx320\p18pyro.X\pyro8722.c
                  __pa_28   0x000f5c    program     static X:\mx320\p18pyro.X\pyro8722.c
                  __pa_29   0x000f6e    program     static X:\mx320\p18pyro.X\pyro8722.c
                   __pa_3   0x000d6c    program     static X:\mx320\p18pyro.X\pyro8722.c
                   __pa_3   0x001782    program     static E:\c18v3.46\pic18-lt\cxx-framework\src\extended\stdclib\vfprintf.c
                   __pa_3   0x00286c    program     static X:\mx320\p18pyro.X\ringbufs.c
                  __pa_30   0x000f7a    program     static X:\mx320\p18pyro.X\pyro8722.c
                  __pa_31   0x000f8c    program     static X:\mx320\p18pyro.X\pyro8722.c
                  __pa_32   0x000f9a    program     static X:\mx320\p18pyro.X\pyro8722.c
                  __pa_33   0x000faa    program     static X:\mx320\p18pyro.X\pyro8722.c
                  __pa_34   0x000fb0    program     static X:\mx320\p18pyro.X\pyro8722.c
                  __pa_35   0x000fbc    program     static X:\mx320\p18pyro.X\pyro8722.c
                  __pa_36   0x000fca    program     static X:\mx320\p18pyro.X\pyro8722.c
                  __pa_37   0x000fe6    program     static X:\mx320\p18pyro.X\pyro8722.c
                  __pa_38   0x000fee    program     static X:\mx320\p18pyro.X\pyro8722.c
                  __pa_39   0x000ff6    program     static X:\mx320\p18pyro.X\pyro8722.c
                   __pa_4   0x002872    program     static X:\mx320\p18pyro.X\ringbufs.c
                   __pa_4   0x000d8a    program     static X:\mx320\p18pyro.X\pyro8722.c
                   __pa_4   0x001796    program     static E:\c18v3.46\pic18-lt\cxx-framework\src\extended\stdclib\vfprintf.c
                  __pa_40   0x001004    program     static X:\mx320\p18pyro.X\pyro8722.c
                  __pa_41   0x001018    program     static X:\mx320\p18pyro.X\pyro8722.c
                  __pa_42   0x00102a    program     static X:\mx320\p18pyro.X\pyro8722.c
                  __pa_43   0x001036    program     static X:\mx320\p18pyro.X\pyro8722.c
                  __pa_44   0x001044    program     static X:\mx320\p18pyro.X\pyro8722.c
                  __pa_45   0x001052    program     static X:\mx320\p18pyro.X\pyro8722.c
                  __pa_46   0x00105e    program     static X:\mx320\p18pyro.X\pyro8722.c
                  __pa_47   0x00106c    program     static X:\mx320\p18pyro.X\pyro8722.c
                  __pa_48   0x001078    program     static X:\mx320\p18pyro.X\pyro8722.c
                  __pa_49   0x001084    program     static X:\mx320\p18pyro.X\pyro8722.c
                   __pa_5   0x0017a8    program     static E:\c18v3.46\pic18-lt\cxx-framework\src\extended\stdclib\vfprintf.c
                   __pa_5   0x00287a    program     static X:\mx320\p18pyro.X\ringbufs.c
                   __pa_5   0x000d90    program     static X:\mx320\p18pyro.X\pyro8722.c
                  __pa_50   0x00108c    program     static X:\mx320\p18pyro.X\pyro8722.c
                   __pa_6   0x0017b8    program     static E:\c18v3.46\pic18-lt\cxx-framework\src\extended\stdclib\vfprintf.c
                   __pa_6   0x00288e    program     static X:\mx320\p18pyro.X\ringbufs.c
                   __pa_6   0x000d9e    program     static X:\mx320\p18pyro.X\pyro8722.c
                   __pa_7   0x0017ca    program     static E:\c18v3.46\pic18-lt\cxx-framework\src\extended\stdclib\vfprintf.c
                   __pa_7   0x002894    program     static X:\mx320\p18pyro.X\ringbufs.c
                   __pa_7   0x000dd0    program     static X:\mx320\p18pyro.X\pyro8722.c
                   __pa_8   0x000e02    program     static X:\mx320\p18pyro.X\pyro8722.c
                   __pa_8   0x0017d6    program     static E:\c18v3.46\pic18-lt\cxx-framework\src\extended\stdclib\vfprintf.c
                   __pa_8   0x0028a0    program     static X:\mx320\p18pyro.X\ringbufs.c
                   __pa_9   0x0017e8    program     static E:\c18v3.46\pic18-lt\cxx-framework\src\extended\stdclib\vfprintf.c
                   __pa_9   0x000e0c    program     static X:\mx320\p18pyro.X\pyro8722.c
                   __pa_9   0x0028ae    program     static X:\mx320\p18pyro.X\ringbufs.c
              __string_10   0x002f04    program     static X:\mx320\p18pyro.X\pyro8722.c
              __string_11   0x002efc    program     static X:\mx320\p18pyro.X\pyro8722.c
              __string_12   0x002ef6    program     static X:\mx320\p18pyro.X\pyro8722.c
              __string_13   0x002ee9    program     static X:\mx320\p18pyro.X\pyro8722.c
              __string_14   0x002edf    program     static X:\mx320\p18pyro.X\pyro8722.c
              __string_15   0x002edc    program     static X:\mx320\p18pyro.X\pyro8722.c
              __string_16   0x002eb7    program     static X:\mx320\p18pyro.X\pyro8722.c
              __string_17   0x002e8d    program     static X:\mx320\p18pyro.X\pyro8722.c
              __string_18   0x002e64    program     static X:\mx320\p18pyro.X\pyro8722.c
              __string_19   0x002e3b    program     static X:\mx320\p18pyro.X\pyro8722.c
              __string_20   0x002e2a    program     static X:\mx320\p18pyro.X\pyro8722.c
              __string_21   0x002e06    program     static X:\mx320\p18pyro.X\pyro8722.c
              __string_22   0x002de0    program     static X:\mx320\p18pyro.X\pyro8722.c
               __string_6   0x002f33    program     static X:\mx320\p18pyro.X\pyro8722.c
               __string_7   0x002f2a    program     static X:\mx320\p18pyro.X\pyro8722.c
               __string_8   0x002f18    program     static X:\mx320\p18pyro.X\pyro8722.c
               __string_9   0x002f0c    program     static X:\mx320\p18pyro.X\pyro8722.c
                  __subFP   0x0018ac    program     extern E:\c18v3.46\pic18-lt\cxx-framework\src\extended\math\addFP.asm
               __tmplbl_0   0x002086    program     static                          
               __tmplbl_0   0x002c90    program     static                          
               __tmplbl_0   0x0000c0    program     static                          
               __tmplbl_1   0x002c8a    program     static                          
               __tmplbl_1   0x002080    program     static                          
               __tmplbl_1   0x00016e    program     static                          
              __tmplbl_10   0x0025fa    program     static                          
              __tmplbl_10   0x000ea8    program     static                          
              __tmplbl_11   0x000ea8    program     static                          
              __tmplbl_11   0x0025f4    program     static                          
              __tmplbl_12   0x002620    program     static                          
              __tmplbl_12   0x000fe6    program     static                          
              __tmplbl_13   0x000fe6    program     static                          
              __tmplbl_13   0x00261a    program     static                          
              __tmplbl_14   0x000e32    program     static                          
              __tmplbl_15   0x000e32    program     static                          
              __tmplbl_16   0x000e32    program     static                          
              __tmplbl_17   0x000e32    program     static                          
              __tmplbl_18   0x000fe6    program     static                          
              __tmplbl_19   0x000fe6    program     static                          
               __tmplbl_2   0x0020f8    program     static                          
               __tmplbl_3   0x0020f0    program     static                          
               __tmplbl_4   0x002222    program     static                          
               __tmplbl_5   0x002212    program     static                          
               __tmplbl_6   0x000a24    program     static                          
               __tmplbl_6   0x0023ca    program     static                          
               __tmplbl_7   0x000c04    program     static                          
               __tmplbl_7   0x0023c4    program     static                          
               __tmplbl_8   0x0025d4    program     static                          
               __tmplbl_8   0x000cc0    program     static                          
               __tmplbl_9   0x000cba    program     static                          
               __tmplbl_9   0x0025ce    program     static                          
            __zero_memory   0x0039c4    program     extern E:\c18v3.46\pic18-lt\cxx-framework\src\extended\proc\p18f8722.asm
                _do_cinit   0x002f40    program     extern E:\c18v3.46\pic18-lt\cxx-framework\src\extended\startup\c018i_e.c
            _early32uexit   0x001c1a    program     extern E:\c18v3.46\pic18-lt\cxx-framework\src\extended\math\div32u.asm
                   _entry   0x000000    program     extern E:\c18v3.46\pic18-lt\cxx-framework\src\extended\startup\c018i_e.c
                   _false   0x001c5e    program     static E:\c18v3.46\pic18-lt\cxx-framework\src\extended\math\div32u.asm
                 _startup   0x003a00    program     extern E:\c18v3.46\pic18-lt\cxx-framework\src\extended\startup\c018i_e.c
              _usart_putc   0x0039e4    program     extern E:\c18v3.46\pic18-lt\cxx-framework\src\pmc_common\USART\_usartpc.asm
               _user_putc   0x000014    program     extern E:\c18v3.46\pic18-lt\cxx-framework\src\extended\stdclib\_user_putc.c
                     ahfp   0x000544    program     extern X:\mx320\p18pyro.X\pyro8722.c
                 bitmap_e   0x000708    program     extern X:\mx320\p18pyro.X\pyro8722.c
               clear_crit   0x0029f4    program     extern X:\mx320\p18pyro.X\crit.c
                compare_l   0x0039da    program     static E:\c18v3.46\pic18-lt\cxx-framework\src\extended\proc\p18f8722.asm
               config_pic   0x002c60    program     extern X:\mx320\p18pyro.X\hwconf.c
                copy_loop   0x002fb2    program     static                          
            copy_one_byte   0x002fb8    program     static                          
                divmod32u   0x001c1c    program     static E:\c18v3.46\pic18-lt\cxx-framework\src\extended\math\div32u.asm
                     done   0x002fdc    program     static                          
             done_copying   0x002fc6    program     static                          
                    dummy   0x000006    program     extern X:\mx320\p18pyro.X\mfc.c 
                   e_crit   0x00298c    program     extern X:\mx320\p18pyro.X\crit.c
             fade_up_leds   0x000740    program     extern X:\mx320\p18pyro.X\pyro8722.c
                       hm   0x00031c    program     extern X:\mx320\p18pyro.X\pyro8722.c
                      hms   0x00028c    program     extern X:\mx320\p18pyro.X\pyro8722.c
                idle_loop   0x0026e8    program     extern X:\mx320\p18pyro.X\pyro_vector.c
                 init_lcd   0x0006ae    program     extern X:\mx320\p18pyro.X\pyro8722.c
                  isdigit   0x0039a0    program     extern E:\c18v3.46\pic18-lt\cxx-framework\src\extended\stdclib\isdigit.asm
                 jANotInf   0x0018f2    program     static E:\c18v3.46\pic18-lt\cxx-framework\src\extended\math\addFP.asm
                 jANotInf   0x001eea    program     static E:\c18v3.46\pic18-lt\cxx-framework\src\extended\math\mulFP.asm
                 jANotNeg   0x001986    program     static E:\c18v3.46\pic18-lt\cxx-framework\src\extended\math\addFP.asm
              jAandWsetup   0x001956    program     static E:\c18v3.46\pic18-lt\cxx-framework\src\extended\math\addFP.asm
                 jAltBexp   0x001944    program     static E:\c18v3.46\pic18-lt\cxx-framework\src\extended\math\addFP.asm
                jBANotInf   0x0018e8    program     static E:\c18v3.46\pic18-lt\cxx-framework\src\extended\math\addFP.asm
                 jBNotInf   0x001900    program     static E:\c18v3.46\pic18-lt\cxx-framework\src\extended\math\addFP.asm
                     jBeg   0x001b12    program     static E:\c18v3.46\pic18-lt\cxx-framework\src\extended\math\cast32FP.asm
                     jBeg   0x0018b2    program     static E:\c18v3.46\pic18-lt\cxx-framework\src\extended\math\addFP.asm
              jBothFinite   0x001ef8    program     static E:\c18v3.46\pic18-lt\cxx-framework\src\extended\math\mulFP.asm
             jBothNotZero   0x001f04    program     static E:\c18v3.46\pic18-lt\cxx-framework\src\extended\math\mulFP.asm
            jDifOrPosSign   0x001914    program     static E:\c18v3.46\pic18-lt\cxx-framework\src\extended\math\addFP.asm
              jDivANotInf   0x001cce    program     static E:\c18v3.46\pic18-lt\cxx-framework\src\extended\math\divFP.asm
             jDivANotZero   0x001ce2    program     static E:\c18v3.46\pic18-lt\cxx-framework\src\extended\math\divFP.asm
                 jDivLoop   0x001d0a    program     static E:\c18v3.46\pic18-lt\cxx-framework\src\extended\math\divFP.asm
                 jDivNext   0x001d30    program     static E:\c18v3.46\pic18-lt\cxx-framework\src\extended\math\divFP.asm
                    jDone   0x001bda    program     static E:\c18v3.46\pic18-lt\cxx-framework\src\extended\math\castFP32.asm
                     jEnd   0x003076    program     static E:\c18v3.46\pic18-lt\cxx-framework\src\extended\stdclib\strlen.asm
                     jEnd   0x003048    program     static E:\c18v3.46\pic18-lt\cxx-framework\src\extended\stdclib\slenpgm.asm
                     jEnd   0x003010    program     static E:\c18v3.46\pic18-lt\cxx-framework\src\extended\stdclib\memset.asm
                    jExit   0x001a6a    program     static E:\c18v3.46\pic18-lt\cxx-framework\src\extended\math\packFP.asm
                    jExit   0x001bea    program     static E:\c18v3.46\pic18-lt\cxx-framework\src\extended\math\castFP32.asm
               jFinalSign   0x0019ee    program     static E:\c18v3.46\pic18-lt\cxx-framework\src\extended\math\addFP.asm
                jHaveZero   0x001f00    program     static E:\c18v3.46\pic18-lt\cxx-framework\src\extended\math\mulFP.asm
                    jLoop   0x003030    program     static E:\c18v3.46\pic18-lt\cxx-framework\src\extended\stdclib\slenpgm.asm
                    jLoop   0x002ff2    program     static E:\c18v3.46\pic18-lt\cxx-framework\src\extended\stdclib\memset.asm
                    jLoop   0x00306c    program     static E:\c18v3.46\pic18-lt\cxx-framework\src\extended\stdclib\strlen.asm
                    jLoop   0x001bae    program     static E:\c18v3.46\pic18-lt\cxx-framework\src\extended\math\castFP32.asm
                jLoopExit   0x001bc2    program     static E:\c18v3.46\pic18-lt\cxx-framework\src\extended\math\castFP32.asm
                   jMatch   0x0039c0    program     static E:\c18v3.46\pic18-lt\cxx-framework\src\extended\stdclib\isdigit.asm
                     jMax   0x001b7e    program     static E:\c18v3.46\pic18-lt\cxx-framework\src\extended\math\castFP32.asm
                  jMaxNeg   0x001b90    program     static E:\c18v3.46\pic18-lt\cxx-framework\src\extended\math\castFP32.asm
                  jMaxPos   0x001b82    program     static E:\c18v3.46\pic18-lt\cxx-framework\src\extended\math\castFP32.asm
                jNoAdjust   0x001d2e    program     static E:\c18v3.46\pic18-lt\cxx-framework\src\extended\math\divFP.asm
                 jNoMatch   0x0039c2    program     static E:\c18v3.46\pic18-lt\cxx-framework\src\extended\stdclib\isdigit.asm
             jNotBothZero   0x001918    program     static E:\c18v3.46\pic18-lt\cxx-framework\src\extended\math\addFP.asm
                  jNotInf   0x001b9c    program     static E:\c18v3.46\pic18-lt\cxx-framework\src\extended\math\castFP32.asm
                  jNotNeg   0x001b40    program     static E:\c18v3.46\pic18-lt\cxx-framework\src\extended\math\cast32FP.asm
                  jPkLoop   0x001a04    program     static E:\c18v3.46\pic18-lt\cxx-framework\src\extended\math\packFP.asm
             jPkRoundDone   0x001a4e    program     static E:\c18v3.46\pic18-lt\cxx-framework\src\extended\math\packFP.asm
               jPkRoundIt   0x001a36    program     static E:\c18v3.46\pic18-lt\cxx-framework\src\extended\math\packFP.asm
             jPkShiftDone   0x001a20    program     static E:\c18v3.46\pic18-lt\cxx-framework\src\extended\math\packFP.asm
           jReturnPosInf0   0x001a94    program     static E:\c18v3.46\pic18-lt\cxx-framework\src\extended\math\packFP.asm
               jShiftDone   0x0019ae    program     static E:\c18v3.46\pic18-lt\cxx-framework\src\extended\math\addFP.asm
               jShiftLoop   0x0019a0    program     static E:\c18v3.46\pic18-lt\cxx-framework\src\extended\math\addFP.asm
                jSignDone   0x0019de    program     static E:\c18v3.46\pic18-lt\cxx-framework\src\extended\math\addFP.asm
                  jUnpkA1   0x001aba    program     static E:\c18v3.46\pic18-lt\cxx-framework\src\extended\math\unpackFP.asm
                  jUnpkA2   0x001ad2    program     static E:\c18v3.46\pic18-lt\cxx-framework\src\extended\math\unpackFP.asm
                 jUnpkANZ   0x001ac8    program     static E:\c18v3.46\pic18-lt\cxx-framework\src\extended\math\unpackFP.asm
                  jUnpkB1   0x001aea    program     static E:\c18v3.46\pic18-lt\cxx-framework\src\extended\math\unpackFP.asm
                  jUnpkB2   0x001b02    program     static E:\c18v3.46\pic18-lt\cxx-framework\src\extended\math\unpackFP.asm
                 jUnpkBNZ   0x001af8    program     static E:\c18v3.46\pic18-lt\cxx-framework\src\extended\math\unpackFP.asm
                 jUnpkNaN   0x001adc    program     static E:\c18v3.46\pic18-lt\cxx-framework\src\extended\math\unpackFP.asm
                 jWNotNeg   0x00199a    program     static E:\c18v3.46\pic18-lt\cxx-framework\src\extended\math\addFP.asm
                   jWr123   0x001b88    program     static E:\c18v3.46\pic18-lt\cxx-framework\src\extended\math\castFP32.asm
                  jWrZ123   0x001b98    program     static E:\c18v3.46\pic18-lt\cxx-framework\src\extended\math\castFP32.asm
                    jZero   0x001b96    program     static E:\c18v3.46\pic18-lt\cxx-framework\src\extended\math\castFP32.asm
               jZero1and2   0x001a98    program     static E:\c18v3.46\pic18-lt\cxx-framework\src\extended\math\packFP.asm
                     loop   0x0039f4    program     static E:\c18v3.46\pic18-lt\cxx-framework\src\pmc_common\USART\_usartpc.asm
                     loop   0x003a0e    program     static                          
                     loop   0x001c2a    program     static E:\c18v3.46\pic18-lt\cxx-framework\src\extended\math\div32u.asm
                   loop_h   0x0039d2    program     static E:\c18v3.46\pic18-lt\cxx-framework\src\extended\proc\p18f8722.asm
                   loop_l   0x0039dc    program     static E:\c18v3.46\pic18-lt\cxx-framework\src\extended\proc\p18f8722.asm
                lp_filter   0x0005ca    program     extern X:\mx320\p18pyro.X\pyro8722.c
                     main   0x000804    program     extern X:\mx320\p18pyro.X\pyro8722.c
                   memset   0x002fde    program     extern E:\c18v3.46\pic18-lt\cxx-framework\src\extended\stdclib\memset.asm
               modulo_dec   0x002720    program     extern X:\mx320\p18pyro.X\ringbufs.c
               modulo_inc   0x002706    program     extern X:\mx320\p18pyro.X\ringbufs.c
                     putc   0x00339c    program     extern E:\c18v3.46\pic18-lt\cxx-framework\src\extended\stdclib\putc.c
              putrs2USART   0x003528    program     extern E:\c18v3.46\pic18-lt\cxx-framework\src\pmc_common\USART\u2putrs.c
                putrsXLCD   0x003610    program     extern X:\mx320\p18pyro.X\xlcd\putrxlcd.c
                 putsXLCD   0x0037de    program     extern X:\mx320\p18pyro.X\xlcd\putsxlcd.c
                     rand   0x00372e    program     extern E:\c18v3.46\pic18-lt\cxx-framework\src\extended\stdclib\rand.asm
         read_data_eeprom   0x002a62    program     extern X:\mx320\p18pyro.X\crit.c
           ringBufS_empty   0x002754    program     extern X:\mx320\p18pyro.X\ringbufs.c
           ringBufS_flush   0x002822    program     extern X:\mx320\p18pyro.X\ringbufs.c
            ringBufS_full   0x002764    program     extern X:\mx320\p18pyro.X\ringbufs.c
             ringBufS_get   0x00277e    program     extern X:\mx320\p18pyro.X\ringbufs.c
            ringBufS_init   0x00273a    program     extern X:\mx320\p18pyro.X\ringbufs.c
             ringBufS_put   0x0027de    program     extern X:\mx320\p18pyro.X\ringbufs.c
                   s_crit   0x0028f4    program     extern X:\mx320\p18pyro.X\crit.c
                 s_digits   0x003a30    program     static E:\c18v3.46\pic18-lt\cxx-framework\src\extended\stdclib\vfprintf.c
            s_put_n_chars   0x001096    program     static E:\c18v3.46\pic18-lt\cxx-framework\src\extended\stdclib\vfprintf.c
                     spin   0x0032b2    program     extern X:\mx320\p18pyro.X\pyro_msg.h
                 spinners   0x000178    program     extern X:\mx320\p18pyro.X\pyro8722.c
                  sprintf   0x00332a    program     extern E:\c18v3.46\pic18-lt\cxx-framework\src\extended\stdclib\sprintf.c
                    srand   0x003720    program     extern E:\c18v3.46\pic18-lt\cxx-framework\src\extended\stdclib\rand.asm
                start_pic   0x002dbe    program     extern X:\mx320\p18pyro.X\hwconf.c
       start_workerthread   0x002dde    program     extern X:\mx320\p18pyro.X\hwconf.c
                   strlen   0x00305c    program     extern E:\c18v3.46\pic18-lt\cxx-framework\src\extended\stdclib\strlen.asm
                strlenpgm   0x003012    program     extern E:\c18v3.46\pic18-lt\cxx-framework\src\extended\stdclib\slenpgm.asm
                term_time   0x0005c8    program     extern X:\mx320\p18pyro.X\pyro8722.c
                     test   0x002f5a    program     static                          
             tick_handler   0x00200e    program     extern X:\mx320\p18pyro.X\pyro_vector.c
                 tick_int   0x000008    program     extern X:\mx320\p18pyro.X\pyro8722.c
                 vfprintf   0x0010c8    program     extern E:\c18v3.46\pic18-lt\cxx-framework\src\extended\stdclib\vfprintf.c
                   voltfp   0x000424    program     extern X:\mx320\p18pyro.X\pyro8722.c
                  voltfpi   0x000468    program     extern X:\mx320\p18pyro.X\pyro8722.c
                  voltfps   0x000448    program     extern X:\mx320\p18pyro.X\pyro8722.c
                 wdtdelay   0x00009a    program     extern X:\mx320\p18pyro.X\pyro8722.c
                  wdttime   0x0000dc    program     extern X:\mx320\p18pyro.X\pyro8722.c
             work_handler   0x002680    program     extern X:\mx320\p18pyro.X\pyro_vector.c
                 work_int   0x000018    program     extern X:\mx320\p18pyro.X\pyro8722.c
        write_data_eeprom   0x0029fe    program     extern X:\mx320\p18pyro.X\crit.c
               zero_block   0x0039d2    program     static E:\c18v3.46\pic18-lt\cxx-framework\src\extended\proc\p18f8722.asm
                   ADCON0   0x000fc2       data     extern E:\c18v3.46\pic18-lt\cxx-framework\src\extended\proc\p18f8722.asm
               ADCON0bits   0x000fc2       data     extern E:\c18v3.46\pic18-lt\cxx-framework\src\extended\proc\p18f8722.asm
                   ADCON1   0x000fc1       data     extern E:\c18v3.46\pic18-lt\cxx-framework\src\extended\proc\p18f8722.asm
               ADCON1bits   0x000fc1       data     extern E:\c18v3.46\pic18-lt\cxx-framework\src\extended\proc\p18f8722.asm
                   ADCON2   0x000fc0       data     extern E:\c18v3.46\pic18-lt\cxx-framework\src\extended\proc\p18f8722.asm
               ADCON2bits   0x000fc0       data     extern E:\c18v3.46\pic18-lt\cxx-framework\src\extended\proc\p18f8722.asm
                    ADRES   0x000fc3       data     extern E:\c18v3.46\pic18-lt\cxx-framework\src\extended\proc\p18f8722.asm
                   ADRESH   0x000fc4       data     extern E:\c18v3.46\pic18-lt\cxx-framework\src\extended\proc\p18f8722.asm
                   ADRESL   0x000fc3       data     extern E:\c18v3.46\pic18-lt\cxx-framework\src\extended\proc\p18f8722.asm
                  BAUDCON   0x000f7e       data     extern E:\c18v3.46\pic18-lt\cxx-framework\src\extended\proc\p18f8722.asm
                 BAUDCON1   0x000f7e       data     extern E:\c18v3.46\pic18-lt\cxx-framework\src\extended\proc\p18f8722.asm
             BAUDCON1bits   0x000f7e       data     extern E:\c18v3.46\pic18-lt\cxx-framework\src\extended\proc\p18f8722.asm
                 BAUDCON2   0x000f7c       data     extern E:\c18v3.46\pic18-lt\cxx-framework\src\extended\proc\p18f8722.asm
             BAUDCON2bits   0x000f7c       data     extern E:\c18v3.46\pic18-lt\cxx-framework\src\extended\proc\p18f8722.asm
              BAUDCONbits   0x000f7e       data     extern E:\c18v3.46\pic18-lt\cxx-framework\src\extended\proc\p18f8722.asm
                      BSR   0x000fe0       data     extern E:\c18v3.46\pic18-lt\cxx-framework\src\extended\proc\p18f8722.asm
                  CCP1CON   0x000fbd       data     extern E:\c18v3.46\pic18-lt\cxx-framework\src\extended\proc\p18f8722.asm
              CCP1CONbits   0x000fbd       data     extern E:\c18v3.46\pic18-lt\cxx-framework\src\extended\proc\p18f8722.asm
                  CCP2CON   0x000fba       data     extern E:\c18v3.46\pic18-lt\cxx-framework\src\extended\proc\p18f8722.asm
              CCP2CONbits   0x000fba       data     extern E:\c18v3.46\pic18-lt\cxx-framework\src\extended\proc\p18f8722.asm
                  CCP3CON   0x000fb7       data     extern E:\c18v3.46\pic18-lt\cxx-framework\src\extended\proc\p18f8722.asm
              CCP3CONbits   0x000fb7       data     extern E:\c18v3.46\pic18-lt\cxx-framework\src\extended\proc\p18f8722.asm
                  CCP4CON   0x000f73       data     extern E:\c18v3.46\pic18-lt\cxx-framework\src\extended\proc\p18f8722.asm
              CCP4CONbits   0x000f73       data     extern E:\c18v3.46\pic18-lt\cxx-framework\src\extended\proc\p18f8722.asm
                  CCP5CON   0x000f70       data     extern E:\c18v3.46\pic18-lt\cxx-framework\src\extended\proc\p18f8722.asm
              CCP5CONbits   0x000f70       data     extern E:\c18v3.46\pic18-lt\cxx-framework\src\extended\proc\p18f8722.asm
                    CCPR1   0x000fbe       data     extern E:\c18v3.46\pic18-lt\cxx-framework\src\extended\proc\p18f8722.asm
                   CCPR1H   0x000fbf       data     extern E:\c18v3.46\pic18-lt\cxx-framework\src\extended\proc\p18f8722.asm
                   CCPR1L   0x000fbe       data     extern E:\c18v3.46\pic18-lt\cxx-framework\src\extended\proc\p18f8722.asm
                    CCPR2   0x000fbb       data     extern E:\c18v3.46\pic18-lt\cxx-framework\src\extended\proc\p18f8722.asm
                   CCPR2H   0x000fbc       data     extern E:\c18v3.46\pic18-lt\cxx-framework\src\extended\proc\p18f8722.asm
                   CCPR2L   0x000fbb       data     extern E:\c18v3.46\pic18-lt\cxx-framework\src\extended\proc\p18f8722.asm
                    CCPR3   0x000fb8       data     extern E:\c18v3.46\pic18-lt\cxx-framework\src\extended\proc\p18f8722.asm
                   CCPR3H   0x000fb9       data     extern E:\c18v3.46\pic18-lt\cxx-framework\src\extended\proc\p18f8722.asm
                   CCPR3L   0x000fb8       data     extern E:\c18v3.46\pic18-lt\cxx-framework\src\extended\proc\p18f8722.asm
                    CCPR4   0x000f74       data     extern E:\c18v3.46\pic18-lt\cxx-framework\src\extended\proc\p18f8722.asm
                   CCPR4H   0x000f75       data     extern E:\c18v3.46\pic18-lt\cxx-framework\src\extended\proc\p18f8722.asm
                   CCPR4L   0x000f74       data     extern E:\c18v3.46\pic18-lt\cxx-framework\src\extended\proc\p18f8722.asm
                    CCPR5   0x000f71       data     extern E:\c18v3.46\pic18-lt\cxx-framework\src\extended\proc\p18f8722.asm
                   CCPR5H   0x000f72       data     extern E:\c18v3.46\pic18-lt\cxx-framework\src\extended\proc\p18f8722.asm
                   CCPR5L   0x000f71       data     extern E:\c18v3.46\pic18-lt\cxx-framework\src\extended\proc\p18f8722.asm
                    CMCON   0x000fb4       data     extern E:\c18v3.46\pic18-lt\cxx-framework\src\extended\proc\p18f8722.asm
                CMCONbits   0x000fb4       data     extern E:\c18v3.46\pic18-lt\cxx-framework\src\extended\proc\p18f8722.asm
                    CRITC   0x0005be       data     extern X:\mx320\p18pyro.X\pyro8722.c
                   CVRCON   0x000fb5       data     extern E:\c18v3.46\pic18-lt\cxx-framework\src\extended\proc\p18f8722.asm
               CVRCONbits   0x000fb5       data     extern E:\c18v3.46\pic18-lt\cxx-framework\src\extended\proc\p18f8722.asm
                     DDRA   0x000f92       data     extern E:\c18v3.46\pic18-lt\cxx-framework\src\extended\proc\p18f8722.asm
                 DDRAbits   0x000f92       data     extern E:\c18v3.46\pic18-lt\cxx-framework\src\extended\proc\p18f8722.asm
                     DDRB   0x000f93       data     extern E:\c18v3.46\pic18-lt\cxx-framework\src\extended\proc\p18f8722.asm
                 DDRBbits   0x000f93       data     extern E:\c18v3.46\pic18-lt\cxx-framework\src\extended\proc\p18f8722.asm
                     DDRC   0x000f94       data     extern E:\c18v3.46\pic18-lt\cxx-framework\src\extended\proc\p18f8722.asm
                 DDRCbits   0x000f94       data     extern E:\c18v3.46\pic18-lt\cxx-framework\src\extended\proc\p18f8722.asm
                     DDRD   0x000f95       data     extern E:\c18v3.46\pic18-lt\cxx-framework\src\extended\proc\p18f8722.asm
                 DDRDbits   0x000f95       data     extern E:\c18v3.46\pic18-lt\cxx-framework\src\extended\proc\p18f8722.asm
                     DDRE   0x000f96       data     extern E:\c18v3.46\pic18-lt\cxx-framework\src\extended\proc\p18f8722.asm
                 DDREbits   0x000f96       data     extern E:\c18v3.46\pic18-lt\cxx-framework\src\extended\proc\p18f8722.asm
                     DDRF   0x000f97       data     extern E:\c18v3.46\pic18-lt\cxx-framework\src\extended\proc\p18f8722.asm
                 DDRFbits   0x000f97       data     extern E:\c18v3.46\pic18-lt\cxx-framework\src\extended\proc\p18f8722.asm
                     DDRG   0x000f98       data     extern E:\c18v3.46\pic18-lt\cxx-framework\src\extended\proc\p18f8722.asm
                 DDRGbits   0x000f98       data     extern E:\c18v3.46\pic18-lt\cxx-framework\src\extended\proc\p18f8722.asm
                     DDRH   0x000f99       data     extern E:\c18v3.46\pic18-lt\cxx-framework\src\extended\proc\p18f8722.asm
                 DDRHbits   0x000f99       data     extern E:\c18v3.46\pic18-lt\cxx-framework\src\extended\proc\p18f8722.asm
                     DDRJ   0x000f9a       data     extern E:\c18v3.46\pic18-lt\cxx-framework\src\extended\proc\p18f8722.asm
                 DDRJbits   0x000f9a       data     extern E:\c18v3.46\pic18-lt\cxx-framework\src\extended\proc\p18f8722.asm
                 D_UPDATE   0x00050e       data     extern X:\mx320\p18pyro.X\pyro8722.c
            DelayCounter1   0x0002e7       data     extern E:\c18v3.46\pic18-lt\cxx-framework\src\extended\delays\delayd1.asm
            DelayCounter2   0x0002e6       data     extern E:\c18v3.46\pic18-lt\cxx-framework\src\extended\delays\delayd2.asm
                  ECCP1AS   0x000fb6       data     extern E:\c18v3.46\pic18-lt\cxx-framework\src\extended\proc\p18f8722.asm
              ECCP1ASbits   0x000fb6       data     extern E:\c18v3.46\pic18-lt\cxx-framework\src\extended\proc\p18f8722.asm
                 ECCP1CON   0x000fbd       data     extern E:\c18v3.46\pic18-lt\cxx-framework\src\extended\proc\p18f8722.asm
             ECCP1CONbits   0x000fbd       data     extern E:\c18v3.46\pic18-lt\cxx-framework\src\extended\proc\p18f8722.asm
                 ECCP1DEL   0x000f79       data     extern E:\c18v3.46\pic18-lt\cxx-framework\src\extended\proc\p18f8722.asm
             ECCP1DELbits   0x000f79       data     extern E:\c18v3.46\pic18-lt\cxx-framework\src\extended\proc\p18f8722.asm
                  ECCP2AS   0x000f68       data     extern E:\c18v3.46\pic18-lt\cxx-framework\src\extended\proc\p18f8722.asm
              ECCP2ASbits   0x000f68       data     extern E:\c18v3.46\pic18-lt\cxx-framework\src\extended\proc\p18f8722.asm
                 ECCP2CON   0x000fba       data     extern E:\c18v3.46\pic18-lt\cxx-framework\src\extended\proc\p18f8722.asm
             ECCP2CONbits   0x000fba       data     extern E:\c18v3.46\pic18-lt\cxx-framework\src\extended\proc\p18f8722.asm
                 ECCP2DEL   0x000f67       data     extern E:\c18v3.46\pic18-lt\cxx-framework\src\extended\proc\p18f8722.asm
             ECCP2DELbits   0x000f67       data     extern E:\c18v3.46\pic18-lt\cxx-framework\src\extended\proc\p18f8722.asm
                  ECCP3AS   0x000f6a       data     extern E:\c18v3.46\pic18-lt\cxx-framework\src\extended\proc\p18f8722.asm
              ECCP3ASbits   0x000f6a       data     extern E:\c18v3.46\pic18-lt\cxx-framework\src\extended\proc\p18f8722.asm
                 ECCP3CON   0x000fb7       data     extern E:\c18v3.46\pic18-lt\cxx-framework\src\extended\proc\p18f8722.asm
             ECCP3CONbits   0x000fb7       data     extern E:\c18v3.46\pic18-lt\cxx-framework\src\extended\proc\p18f8722.asm
                 ECCP3DEL   0x000f69       data     extern E:\c18v3.46\pic18-lt\cxx-framework\src\extended\proc\p18f8722.asm
             ECCP3DELbits   0x000f69       data     extern E:\c18v3.46\pic18-lt\cxx-framework\src\extended\proc\p18f8722.asm
                    EEADR   0x000fa9       data     extern E:\c18v3.46\pic18-lt\cxx-framework\src\extended\proc\p18f8722.asm
                   EEADRH   0x000faa       data     extern E:\c18v3.46\pic18-lt\cxx-framework\src\extended\proc\p18f8722.asm
                   EECON1   0x000fa6       data     extern E:\c18v3.46\pic18-lt\cxx-framework\src\extended\proc\p18f8722.asm
               EECON1bits   0x000fa6       data     extern E:\c18v3.46\pic18-lt\cxx-framework\src\extended\proc\p18f8722.asm
                   EECON2   0x000fa7       data     extern E:\c18v3.46\pic18-lt\cxx-framework\src\extended\proc\p18f8722.asm
                   EEDATA   0x000fa8       data     extern E:\c18v3.46\pic18-lt\cxx-framework\src\extended\proc\p18f8722.asm
                   EEP_ER   0x000510       data     extern X:\mx320\p18pyro.X\pyro8722.c
                     FSR0   0x000fe9       data     extern E:\c18v3.46\pic18-lt\cxx-framework\src\extended\proc\p18f8722.asm
                    FSR0H   0x000fea       data     extern E:\c18v3.46\pic18-lt\cxx-framework\src\extended\proc\p18f8722.asm
                    FSR0L   0x000fe9       data     extern E:\c18v3.46\pic18-lt\cxx-framework\src\extended\proc\p18f8722.asm
                     FSR1   0x000fe1       data     extern E:\c18v3.46\pic18-lt\cxx-framework\src\extended\proc\p18f8722.asm
                    FSR1H   0x000fe2       data     extern E:\c18v3.46\pic18-lt\cxx-framework\src\extended\proc\p18f8722.asm
                    FSR1L   0x000fe1       data     extern E:\c18v3.46\pic18-lt\cxx-framework\src\extended\proc\p18f8722.asm
                     FSR2   0x000fd9       data     extern E:\c18v3.46\pic18-lt\cxx-framework\src\extended\proc\p18f8722.asm
                    FSR2H   0x000fda       data     extern E:\c18v3.46\pic18-lt\cxx-framework\src\extended\proc\p18f8722.asm
                    FSR2L   0x000fd9       data     extern E:\c18v3.46\pic18-lt\cxx-framework\src\extended\proc\p18f8722.asm
                    HCRIT   0x000683       data     extern X:\mx320\p18pyro.X\pyro8722.c
[...]
                     PIE3   0x000fa3       data     extern E:\c18v3.46\pic18-lt\cxx-framework\src\extended\proc\p18f8722.asm
                 PIE3bits   0x000fa3       data     extern E:\c18v3.46\pic18-lt\cxx-framework\src\extended\proc\p18f8722.asm
                 PIR3bits   0x000fa4       data     extern E:\c18v3.46\pic18-lt\cxx-framework\src\extended\proc\p18f8722.asm
                     PIR3   0x000fa4       data     extern E:\c18v3.46\pic18-lt\cxx-framework\src\extended\proc\p18f8722.asm
                     IPR3   0x000fa5       data     extern E:\c18v3.46\pic18-lt\cxx-framework\src\extended\proc\p18f8722.asm
                 IPR3bits   0x000fa5       data     extern E:\c18v3.46\pic18-lt\cxx-framework\src\extended\proc\p18f8722.asm
               EECON1bits   0x000fa6       data     extern E:\c18v3.46\pic18-lt\cxx-framework\src\extended\proc\p18f8722.asm
                   EECON1   0x000fa6       data     extern E:\c18v3.46\pic18-lt\cxx-framework\src\extended\proc\p18f8722.asm
                   EECON2   0x000fa7       data     extern E:\c18v3.46\pic18-lt\cxx-framework\src\extended\proc\p18f8722.asm
                   EEDATA   0x000fa8       data     extern E:\c18v3.46\pic18-lt\cxx-framework\src\extended\proc\p18f8722.asm
                    EEADR   0x000fa9       data     extern E:\c18v3.46\pic18-lt\cxx-framework\src\extended\proc\p18f8722.asm
                   EEADRH   0x000faa       data     extern E:\c18v3.46\pic18-lt\cxx-framework\src\extended\proc\p18f8722.asm
                   RCSTA1   0x000fab       data     extern E:\c18v3.46\pic18-lt\cxx-framework\src\extended\proc\p18f8722.asm
                    RCSTA   0x000fab       data     extern E:\c18v3.46\pic18-lt\cxx-framework\src\extended\proc\p18f8722.asm
               RCSTA1bits   0x000fab       data     extern E:\c18v3.46\pic18-lt\cxx-framework\src\extended\proc\p18f8722.asm
                RCSTAbits   0x000fab       data     extern E:\c18v3.46\pic18-lt\cxx-framework\src\extended\proc\p18f8722.asm
                TXSTAbits   0x000fac       data     extern E:\c18v3.46\pic18-lt\cxx-framework\src\extended\proc\p18f8722.asm
               TXSTA1bits   0x000fac       data     extern E:\c18v3.46\pic18-lt\cxx-framework\src\extended\proc\p18f8722.asm
                   TXSTA1   0x000fac       data     extern E:\c18v3.46\pic18-lt\cxx-framework\src\extended\proc\p18f8722.asm
                    TXSTA   0x000fac       data     extern E:\c18v3.46\pic18-lt\cxx-framework\src\extended\proc\p18f8722.asm
                   TXREG1   0x000fad       data     extern E:\c18v3.46\pic18-lt\cxx-framework\src\extended\proc\p18f8722.asm
                    TXREG   0x000fad       data     extern E:\c18v3.46\pic18-lt\cxx-framework\src\extended\proc\p18f8722.asm
                    RCREG   0x000fae       data     extern E:\c18v3.46\pic18-lt\cxx-framework\src\extended\proc\p18f8722.asm
                   RCREG1   0x000fae       data     extern E:\c18v3.46\pic18-lt\cxx-framework\src\extended\proc\p18f8722.asm
                    SPBRG   0x000faf       data     extern E:\c18v3.46\pic18-lt\cxx-framework\src\extended\proc\p18f8722.asm
                   SPBRG1   0x000faf       data     extern E:\c18v3.46\pic18-lt\cxx-framework\src\extended\proc\p18f8722.asm
               PSPCONbits   0x000fb0       data     extern E:\c18v3.46\pic18-lt\cxx-framework\src\extended\proc\p18f8722.asm
                   PSPCON   0x000fb0       data     extern E:\c18v3.46\pic18-lt\cxx-framework\src\extended\proc\p18f8722.asm
                T3CONbits   0x000fb1       data     extern E:\c18v3.46\pic18-lt\cxx-framework\src\extended\proc\p18f8722.asm
                    T3CON   0x000fb1       data     extern E:\c18v3.46\pic18-lt\cxx-framework\src\extended\proc\p18f8722.asm
                    TMR3L   0x000fb2       data     extern E:\c18v3.46\pic18-lt\cxx-framework\src\extended\proc\p18f8722.asm
                    TMR3H   0x000fb3       data     extern E:\c18v3.46\pic18-lt\cxx-framework\src\extended\proc\p18f8722.asm
                CMCONbits   0x000fb4       data     extern E:\c18v3.46\pic18-lt\cxx-framework\src\extended\proc\p18f8722.asm
                    CMCON   0x000fb4       data     extern E:\c18v3.46\pic18-lt\cxx-framework\src\extended\proc\p18f8722.asm
               CVRCONbits   0x000fb5       data     extern E:\c18v3.46\pic18-lt\cxx-framework\src\extended\proc\p18f8722.asm
                   CVRCON   0x000fb5       data     extern E:\c18v3.46\pic18-lt\cxx-framework\src\extended\proc\p18f8722.asm
                  ECCP1AS   0x000fb6       data     extern E:\c18v3.46\pic18-lt\cxx-framework\src\extended\proc\p18f8722.asm
              ECCP1ASbits   0x000fb6       data     extern E:\c18v3.46\pic18-lt\cxx-framework\src\extended\proc\p18f8722.asm
              CCP3CONbits   0x000fb7       data     extern E:\c18v3.46\pic18-lt\cxx-framework\src\extended\proc\p18f8722.asm
                  CCP3CON   0x000fb7       data     extern E:\c18v3.46\pic18-lt\cxx-framework\src\extended\proc\p18f8722.asm
             ECCP3CONbits   0x000fb7       data     extern E:\c18v3.46\pic18-lt\cxx-framework\src\extended\proc\p18f8722.asm
                 ECCP3CON   0x000fb7       data     extern E:\c18v3.46\pic18-lt\cxx-framework\src\extended\proc\p18f8722.asm
                   CCPR3L   0x000fb8       data     extern E:\c18v3.46\pic18-lt\cxx-framework\src\extended\proc\p18f8722.asm
                    CCPR3   0x000fb8       data     extern E:\c18v3.46\pic18-lt\cxx-framework\src\extended\proc\p18f8722.asm
                   CCPR3H   0x000fb9       data     extern E:\c18v3.46\pic18-lt\cxx-framework\src\extended\proc\p18f8722.asm
              CCP2CONbits   0x000fba       data     extern E:\c18v3.46\pic18-lt\cxx-framework\src\extended\proc\p18f8722.asm
                  CCP2CON   0x000fba       data     extern E:\c18v3.46\pic18-lt\cxx-framework\src\extended\proc\p18f8722.asm
             ECCP2CONbits   0x000fba       data     extern E:\c18v3.46\pic18-lt\cxx-framework\src\extended\proc\p18f8722.asm
                 ECCP2CON   0x000fba       data     extern E:\c18v3.46\pic18-lt\cxx-framework\src\extended\proc\p18f8722.asm
                    CCPR2   0x000fbb       data     extern E:\c18v3.46\pic18-lt\cxx-framework\src\extended\proc\p18f8722.asm
                   CCPR2L   0x000fbb       data     extern E:\c18v3.46\pic18-lt\cxx-framework\src\extended\proc\p18f8722.asm
                   CCPR2H   0x000fbc       data     extern E:\c18v3.46\pic18-lt\cxx-framework\src\extended\proc\p18f8722.asm
             ECCP1CONbits   0x000fbd       data     extern E:\c18v3.46\pic18-lt\cxx-framework\src\extended\proc\p18f8722.asm
                  CCP1CON   0x000fbd       data     extern E:\c18v3.46\pic18-lt\cxx-framework\src\extended\proc\p18f8722.asm
              CCP1CONbits   0x000fbd       data     extern E:\c18v3.46\pic18-lt\cxx-framework\src\extended\proc\p18f8722.asm
                 ECCP1CON   0x000fbd       data     extern E:\c18v3.46\pic18-lt\cxx-framework\src\extended\proc\p18f8722.asm
                    CCPR1   0x000fbe       data     extern E:\c18v3.46\pic18-lt\cxx-framework\src\extended\proc\p18f8722.asm
                   CCPR1L   0x000fbe       data     extern E:\c18v3.46\pic18-lt\cxx-framework\src\extended\proc\p18f8722.asm
                   CCPR1H   0x000fbf       data     extern E:\c18v3.46\pic18-lt\cxx-framework\src\extended\proc\p18f8722.asm
                   ADCON2   0x000fc0       data     extern E:\c18v3.46\pic18-lt\cxx-framework\src\extended\proc\p18f8722.asm
               ADCON2bits   0x000fc0       data     extern E:\c18v3.46\pic18-lt\cxx-framework\src\extended\proc\p18f8722.asm
               ADCON1bits   0x000fc1       data     extern E:\c18v3.46\pic18-lt\cxx-framework\src\extended\proc\p18f8722.asm
                   ADCON1   0x000fc1       data     extern E:\c18v3.46\pic18-lt\cxx-framework\src\extended\proc\p18f8722.asm
                   ADCON0   0x000fc2       data     extern E:\c18v3.46\pic18-lt\cxx-framework\src\extended\proc\p18f8722.asm
               ADCON0bits   0x000fc2       data     extern E:\c18v3.46\pic18-lt\cxx-framework\src\extended\proc\p18f8722.asm
                    ADRES   0x000fc3       data     extern E:\c18v3.46\pic18-lt\cxx-framework\src\extended\proc\p18f8722.asm
                   ADRESL   0x000fc3       data     extern E:\c18v3.46\pic18-lt\cxx-framework\src\extended\proc\p18f8722.asm
                   ADRESH   0x000fc4       data     extern E:\c18v3.46\pic18-lt\cxx-framework\src\extended\proc\p18f8722.asm
                 SSP1CON2   0x000fc5       data     extern E:\c18v3.46\pic18-lt\cxx-framework\src\extended\proc\p18f8722.asm
             SSP1CON2bits   0x000fc5       data     extern E:\c18v3.46\pic18-lt\cxx-framework\src\extended\proc\p18f8722.asm
                  SSPCON2   0x000fc5       data     extern E:\c18v3.46\pic18-lt\cxx-framework\src\extended\proc\p18f8722.asm
              SSPCON2bits   0x000fc5       data     extern E:\c18v3.46\pic18-lt\cxx-framework\src\extended\proc\p18f8722.asm
              SSPCON1bits   0x000fc6       data     extern E:\c18v3.46\pic18-lt\cxx-framework\src\extended\proc\p18f8722.asm
                 SSP1CON1   0x000fc6       data     extern E:\c18v3.46\pic18-lt\cxx-framework\src\extended\proc\p18f8722.asm
                  SSPCON1   0x000fc6       data     extern E:\c18v3.46\pic18-lt\cxx-framework\src\extended\proc\p18f8722.asm
             SSP1CON1bits   0x000fc6       data     extern E:\c18v3.46\pic18-lt\cxx-framework\src\extended\proc\p18f8722.asm
                  SSPSTAT   0x000fc7       data     extern E:\c18v3.46\pic18-lt\cxx-framework\src\extended\proc\p18f8722.asm
              SSPSTATbits   0x000fc7       data     extern E:\c18v3.46\pic18-lt\cxx-framework\src\extended\proc\p18f8722.asm
                 SSP1STAT   0x000fc7       data     extern E:\c18v3.46\pic18-lt\cxx-framework\src\extended\proc\p18f8722.asm
             SSP1STATbits   0x000fc7       data     extern E:\c18v3.46\pic18-lt\cxx-framework\src\extended\proc\p18f8722.asm
                  SSP1ADD   0x000fc8       data     extern E:\c18v3.46\pic18-lt\cxx-framework\src\extended\proc\p18f8722.asm
                   SSPADD   0x000fc8       data     extern E:\c18v3.46\pic18-lt\cxx-framework\src\extended\proc\p18f8722.asm
                  SSP1BUF   0x000fc9       data     extern E:\c18v3.46\pic18-lt\cxx-framework\src\extended\proc\p18f8722.asm
                   SSPBUF   0x000fc9       data     extern E:\c18v3.46\pic18-lt\cxx-framework\src\extended\proc\p18f8722.asm
                T2CONbits   0x000fca       data     extern E:\c18v3.46\pic18-lt\cxx-framework\src\extended\proc\p18f8722.asm
                    T2CON   0x000fca       data     extern E:\c18v3.46\pic18-lt\cxx-framework\src\extended\proc\p18f8722.asm
                      PR2   0x000fcb       data     extern E:\c18v3.46\pic18-lt\cxx-framework\src\extended\proc\p18f8722.asm
                     TMR2   0x000fcc       data     extern E:\c18v3.46\pic18-lt\cxx-framework\src\extended\proc\p18f8722.asm
                    T1CON   0x000fcd       data     extern E:\c18v3.46\pic18-lt\cxx-framework\src\extended\proc\p18f8722.asm
                T1CONbits   0x000fcd       data     extern E:\c18v3.46\pic18-lt\cxx-framework\src\extended\proc\p18f8722.asm
                    TMR1L   0x000fce       data     extern E:\c18v3.46\pic18-lt\cxx-framework\src\extended\proc\p18f8722.asm
                    TMR1H   0x000fcf       data     extern E:\c18v3.46\pic18-lt\cxx-framework\src\extended\proc\p18f8722.asm
                 RCONbits   0x000fd0       data     extern E:\c18v3.46\pic18-lt\cxx-framework\src\extended\proc\p18f8722.asm
                     RCON   0x000fd0       data     extern E:\c18v3.46\pic18-lt\cxx-framework\src\extended\proc\p18f8722.asm
               WDTCONbits   0x000fd1       data     extern E:\c18v3.46\pic18-lt\cxx-framework\src\extended\proc\p18f8722.asm
                   WDTCON   0x000fd1       data     extern E:\c18v3.46\pic18-lt\cxx-framework\src\extended\proc\p18f8722.asm
                  HLVDCON   0x000fd2       data     extern E:\c18v3.46\pic18-lt\cxx-framework\src\extended\proc\p18f8722.asm
              HLVDCONbits   0x000fd2       data     extern E:\c18v3.46\pic18-lt\cxx-framework\src\extended\proc\p18f8722.asm
                   LVDCON   0x000fd2       data     extern E:\c18v3.46\pic18-lt\cxx-framework\src\extended\proc\p18f8722.asm
               LVDCONbits   0x000fd2       data     extern E:\c18v3.46\pic18-lt\cxx-framework\src\extended\proc\p18f8722.asm
               OSCCONbits   0x000fd3       data     extern E:\c18v3.46\pic18-lt\cxx-framework\src\extended\proc\p18f8722.asm
                   OSCCON   0x000fd3       data     extern E:\c18v3.46\pic18-lt\cxx-framework\src\extended\proc\p18f8722.asm
                    T0CON   0x000fd5       data     extern E:\c18v3.46\pic18-lt\cxx-framework\src\extended\proc\p18f8722.asm
                T0CONbits   0x000fd5       data     extern E:\c18v3.46\pic18-lt\cxx-framework\src\extended\proc\p18f8722.asm
                    TMR0L   0x000fd6       data     extern E:\c18v3.46\pic18-lt\cxx-framework\src\extended\proc\p18f8722.asm
                    TMR0H   0x000fd7       data     extern E:\c18v3.46\pic18-lt\cxx-framework\src\extended\proc\p18f8722.asm
                   STATUS   0x000fd8       data     extern E:\c18v3.46\pic18-lt\cxx-framework\src\extended\proc\p18f8722.asm
               STATUSbits   0x000fd8       data     extern E:\c18v3.46\pic18-lt\cxx-framework\src\extended\proc\p18f8722.asm
                    FSR2L   0x000fd9       data     extern E:\c18v3.46\pic18-lt\cxx-framework\src\extended\proc\p18f8722.asm
                     FSR2   0x000fd9       data     extern E:\c18v3.46\pic18-lt\cxx-framework\src\extended\proc\p18f8722.asm
                    FSR2H   0x000fda       data     extern E:\c18v3.46\pic18-lt\cxx-framework\src\extended\proc\p18f8722.asm
                   PLUSW2   0x000fdb       data     extern E:\c18v3.46\pic18-lt\cxx-framework\src\extended\proc\p18f8722.asm
                  PREINC2   0x000fdc       data     extern E:\c18v3.46\pic18-lt\cxx-framework\src\extended\proc\p18f8722.asm
                 POSTDEC2   0x000fdd       data     extern E:\c18v3.46\pic18-lt\cxx-framework\src\extended\proc\p18f8722.asm
                 POSTINC2   0x000fde       data     extern E:\c18v3.46\pic18-lt\cxx-framework\src\extended\proc\p18f8722.asm
                    INDF2   0x000fdf       data     extern E:\c18v3.46\pic18-lt\cxx-framework\src\extended\proc\p18f8722.asm
                      BSR   0x000fe0       data     extern E:\c18v3.46\pic18-lt\cxx-framework\src\extended\proc\p18f8722.asm
                    FSR1L   0x000fe1       data     extern E:\c18v3.46\pic18-lt\cxx-framework\src\extended\proc\p18f8722.asm
                     FSR1   0x000fe1       data     extern E:\c18v3.46\pic18-lt\cxx-framework\src\extended\proc\p18f8722.asm
                    FSR1H   0x000fe2       data     extern E:\c18v3.46\pic18-lt\cxx-framework\src\extended\proc\p18f8722.asm
                   PLUSW1   0x000fe3       data     extern E:\c18v3.46\pic18-lt\cxx-framework\src\extended\proc\p18f8722.asm
                  PREINC1   0x000fe4       data     extern E:\c18v3.46\pic18-lt\cxx-framework\src\extended\proc\p18f8722.asm
                 POSTDEC1   0x000fe5       data     extern E:\c18v3.46\pic18-lt\cxx-framework\src\extended\proc\p18f8722.asm
                 POSTINC1   0x000fe6       data     extern E:\c18v3.46\pic18-lt\cxx-framework\src\extended\proc\p18f8722.asm
                    INDF1   0x000fe7       data     extern E:\c18v3.46\pic18-lt\cxx-framework\src\extended\proc\p18f8722.asm
                     WREG   0x000fe8       data     extern E:\c18v3.46\pic18-lt\cxx-framework\src\extended\proc\p18f8722.asm
                     FSR0   0x000fe9       data     extern E:\c18v3.46\pic18-lt\cxx-framework\src\extended\proc\p18f8722.asm
                    FSR0L   0x000fe9       data     extern E:\c18v3.46\pic18-lt\cxx-framework\src\extended\proc\p18f8722.asm
                    FSR0H   0x000fea       data     extern E:\c18v3.46\pic18-lt\cxx-framework\src\extended\proc\p18f8722.asm
                   PLUSW0   0x000feb       data     extern E:\c18v3.46\pic18-lt\cxx-framework\src\extended\proc\p18f8722.asm
                  PREINC0   0x000fec       data     extern E:\c18v3.46\pic18-lt\cxx-framework\src\extended\proc\p18f8722.asm
                 POSTDEC0   0x000fed       data     extern E:\c18v3.46\pic18-lt\cxx-framework\src\extended\proc\p18f8722.asm
                 POSTINC0   0x000fee       data     extern E:\c18v3.46\pic18-lt\cxx-framework\src\extended\proc\p18f8722.asm
                    INDF0   0x000fef       data     extern E:\c18v3.46\pic18-lt\cxx-framework\src\extended\proc\p18f8722.asm
              INTCON3bits   0x000ff0       data     extern E:\c18v3.46\pic18-lt\cxx-framework\src\extended\proc\p18f8722.asm
                  INTCON3   0x000ff0       data     extern E:\c18v3.46\pic18-lt\cxx-framework\src\extended\proc\p18f8722.asm
              INTCON2bits   0x000ff1       data     extern E:\c18v3.46\pic18-lt\cxx-framework\src\extended\proc\p18f8722.asm
                  INTCON2   0x000ff1       data     extern E:\c18v3.46\pic18-lt\cxx-framework\src\extended\proc\p18f8722.asm
               INTCONbits   0x000ff2       data     extern E:\c18v3.46\pic18-lt\cxx-framework\src\extended\proc\p18f8722.asm
                   INTCON   0x000ff2       data     extern E:\c18v3.46\pic18-lt\cxx-framework\src\extended\proc\p18f8722.asm
                     PROD   0x000ff3       data     extern E:\c18v3.46\pic18-lt\cxx-framework\src\extended\proc\p18f8722.asm
                    PRODL   0x000ff3       data     extern E:\c18v3.46\pic18-lt\cxx-framework\src\extended\proc\p18f8722.asm
                    PRODH   0x000ff4       data     extern E:\c18v3.46\pic18-lt\cxx-framework\src\extended\proc\p18f8722.asm
                   TABLAT   0x000ff5       data     extern E:\c18v3.46\pic18-lt\cxx-framework\src\extended\proc\p18f8722.asm
                  TBLPTRL   0x000ff6       data     extern E:\c18v3.46\pic18-lt\cxx-framework\src\extended\proc\p18f8722.asm
                   TBLPTR   0x000ff6       data     extern E:\c18v3.46\pic18-lt\cxx-framework\src\extended\proc\p18f8722.asm
                  TBLPTRH   0x000ff7       data     extern E:\c18v3.46\pic18-lt\cxx-framework\src\extended\proc\p18f8722.asm
                  TBLPTRU   0x000ff8       data     extern E:\c18v3.46\pic18-lt\cxx-framework\src\extended\proc\p18f8722.asm
                      PCL   0x000ff9       data     extern E:\c18v3.46\pic18-lt\cxx-framework\src\extended\proc\p18f8722.asm
                       PC   0x000ff9       data     extern E:\c18v3.46\pic18-lt\cxx-framework\src\extended\proc\p18f8722.asm
                   PCLATH   0x000ffa       data     extern E:\c18v3.46\pic18-lt\cxx-framework\src\extended\proc\p18f8722.asm
                   PCLATU   0x000ffb       data     extern E:\c18v3.46\pic18-lt\cxx-framework\src\extended\proc\p18f8722.asm
               STKPTRbits   0x000ffc       data     extern E:\c18v3.46\pic18-lt\cxx-framework\src\extended\proc\p18f8722.asm
                   STKPTR   0x000ffc       data     extern E:\c18v3.46\pic18-lt\cxx-framework\src\extended\proc\p18f8722.asm
                      TOS   0x000ffd       data     extern E:\c18v3.46\pic18-lt\cxx-framework\src\extended\proc\p18f8722.asm
                     TOSL   0x000ffd       data     extern E:\c18v3.46\pic18-lt\cxx-framework\src\extended\proc\p18f8722.asm
                     TOSH   0x000ffe       data     extern E:\c18v3.46\pic18-lt\cxx-framework\src\extended\proc\p18f8722.asm
                     TOSU   0x000fff       data     extern E:\c18v3.46\pic18-lt\cxx-framework\src\extended\proc\p18f8722.asm


